Component: ARM Compiler 5.06 update 7 (build 960) Tool: armlink [4d3601]

==============================================================================

Section Cross References

    main.o(i.SystemClock_Config) refers to memseta.o(.text) for __aeabi_memclr4
    main.o(i.SystemClock_Config) refers to stm32l0xx_hal_rcc.o(i.HAL_RCC_OscConfig) for HAL_RCC_OscConfig
    main.o(i.SystemClock_Config) refers to stm32l0xx_hal_rcc.o(i.HAL_RCC_ClockConfig) for HAL_RCC_ClockConfig
    main.o(i.core_init) refers to stm32l0xx_hal.o(i.HAL_Init) for HAL_Init
    main.o(i.core_init) refers to main.o(i.SystemClock_Config) for SystemClock_Config
    main.o(i.main) refers to main.o(i.core_init) for core_init
    main.o(i.main) refers to task_scheduler.o(i.task_initialization) for task_initialization
    main.o(i.main) refers to task_scheduler.o(i.task_run) for task_run
    stm32l0xx_it.o(i.SysTick_Handler) refers to stm32l0xx_hal.o(i.HAL_IncTick) for HAL_IncTick
    stm32l0xx_it.o(i.SysTick_Handler) refers to stm32l0xx_hal_cortex.o(i.HAL_SYSTICK_IRQHandler) for HAL_SYSTICK_IRQHandler
    stm32l0xx_it.o(i.SysTick_Handler) refers to task_scheduler.o(i.task_interrput) for task_interrput
    task_scheduler.o(i.task_initialization) refers to task_scheduler.o(.data) for .data
    task_scheduler.o(i.task_interrput) refers to task_scheduler.o(.data) for .data
    task_scheduler.o(i.task_run) refers to task_scheduler.o(.data) for .data
    task_scheduler.o(.data) refers to display_task.o(.constdata) for display_operation
    task_scheduler.o(.data) refers to io_manage_task.o(.constdata) for io_manage_operation
    task_scheduler.o(.data) refers to network_task.o(.constdata) for network_operation
    task_scheduler.o(.data) refers to senser_task.o(.constdata) for senser_operation
    senser_task.o(i.initialization) refers to senser_bsp.o(i.adc_init) for adc_init
    senser_task.o(i.senser_init) refers to senser_bsp.o(i.adc_init) for adc_init
    senser_task.o(.constdata) refers to senser_task.o(i.read) for read
    senser_task.o(.constdata) refers to senser_task.o(i.write) for write
    senser_task.o(.constdata) refers to senser_task.o(i.initialization) for initialization
    senser_task.o(.constdata) refers to senser_task.o(i.interrput) for interrput
    senser_task.o(.constdata) refers to senser_task.o(i.run) for run
    senser_bsp.o(i.HAL_ADC_MspInit) refers to stm32l0xx_hal_gpio.o(i.HAL_GPIO_Init) for HAL_GPIO_Init
    senser_bsp.o(i.HAL_ADC_MspInit) refers to stm32l0xx_hal_dma.o(i.HAL_DMA_DeInit) for HAL_DMA_DeInit
    senser_bsp.o(i.HAL_ADC_MspInit) refers to stm32l0xx_hal_dma.o(i.HAL_DMA_Init) for HAL_DMA_Init
    senser_bsp.o(i.HAL_ADC_MspInit) refers to senser_bsp.o(.bss) for .bss
    senser_bsp.o(i.adc_init) refers to senser_bsp.o(i.HAL_ADC_MspInit) for HAL_ADC_MspInit
    senser_bsp.o(i.adc_init) refers to stm32l0xx_hal_adc.o(i.HAL_ADC_Init) for HAL_ADC_Init
    senser_bsp.o(i.adc_init) refers to stm32l0xx_hal_adc_ex.o(i.HAL_ADCEx_Calibration_Start) for HAL_ADCEx_Calibration_Start
    senser_bsp.o(i.adc_init) refers to stm32l0xx_hal_adc.o(i.HAL_ADC_ConfigChannel) for HAL_ADC_ConfigChannel
    senser_bsp.o(i.adc_init) refers to stm32l0xx_hal_adc.o(i.HAL_ADC_Start_DMA) for HAL_ADC_Start_DMA
    senser_bsp.o(i.adc_init) refers to senser_bsp.o(.bss) for .bss
    senser_bsp.o(i.adc_init) refers to senser_bsp.o(.data) for .data
    display_task.o(i.initialization) refers to display_bsp.o(i.lcd_init) for lcd_init
    display_task.o(.constdata) refers to display_task.o(i.read) for read
    display_task.o(.constdata) refers to display_task.o(i.write) for write
    display_task.o(.constdata) refers to display_task.o(i.initialization) for initialization
    display_task.o(.constdata) refers to display_task.o(i.interrput) for interrput
    display_task.o(.constdata) refers to display_task.o(i.run) for run
    display_bsp.o(i.HAL_LCD_MspInit) refers to stm32l0xx_hal_pwr.o(i.HAL_PWR_EnableBkUpAccess) for HAL_PWR_EnableBkUpAccess
    display_bsp.o(i.HAL_LCD_MspInit) refers to stm32l0xx_hal_rcc.o(i.HAL_RCC_OscConfig) for HAL_RCC_OscConfig
    display_bsp.o(i.HAL_LCD_MspInit) refers to stm32l0xx_hal_rcc_ex.o(i.HAL_RCCEx_PeriphCLKConfig) for HAL_RCCEx_PeriphCLKConfig
    display_bsp.o(i.HAL_LCD_MspInit) refers to stm32l0xx_hal_gpio.o(i.HAL_GPIO_Init) for HAL_GPIO_Init
    display_bsp.o(i.lcd_init) refers to display_bsp.o(i.HAL_LCD_MspInit) for HAL_LCD_MspInit
    display_bsp.o(i.lcd_init) refers to stm32l0xx_hal_lcd.o(i.HAL_LCD_Init) for HAL_LCD_Init
    display_bsp.o(i.lcd_init) refers to stm32l0xx_hal_lcd.o(i.HAL_LCD_Clear) for HAL_LCD_Clear
    display_bsp.o(i.lcd_init) refers to display_bsp.o(.bss) for .bss
    io_manage_task.o(i.initialization) refers to io_manage_bsp.o(i.gpio_init) for gpio_init
    io_manage_task.o(.constdata) refers to io_manage_task.o(i.read) for read
    io_manage_task.o(.constdata) refers to io_manage_task.o(i.write) for write
[...]
    uldiv.o(.text) refers to llushr.o(.text) for __aeabi_llsr
    uldiv.o(.text) refers to llshl.o(.text) for __aeabi_llsl
    entry2.o(.ARM.Collect$$$$00000001) refers to entry2.o(.ARM.Collect$$$$00002712) for __lit__00000000
    entry2.o(.ARM.Collect$$$$00002712) refers to startup_stm32l053xx.o(STACK) for __initial_sp
    entry2.o(__vectab_stack_and_reset_area) refers to startup_stm32l053xx.o(STACK) for __initial_sp
    entry2.o(__vectab_stack_and_reset_area) refers to entry.o(.ARM.Collect$$$$00000000) for __main
    entry5.o(.ARM.Collect$$$$00000004) refers to init.o(.text) for __scatterload
    entry9a.o(.ARM.Collect$$$$0000000B) refers to main.o(i.main) for main
    entry9b.o(.ARM.Collect$$$$0000000C) refers to main.o(i.main) for main
    init.o(.text) refers to entry5.o(.ARM.Collect$$$$00000004) for __main_after_scatterload


==============================================================================

Removing Unused input sections from the image.

    Removing main.o(.rev16_text), (4 bytes).
    Removing main.o(.revsh_text), (4 bytes).
    Removing stm32l0xx_it.o(.rev16_text), (4 bytes).
    Removing stm32l0xx_it.o(.revsh_text), (4 bytes).
    Removing senser_task.o(i.senser_init), (8 bytes).
    Removing senser_bsp.o(.rev16_text), (4 bytes).
    Removing senser_bsp.o(.revsh_text), (4 bytes).
    Removing display_task.o(.rev16_text), (4 bytes).
    Removing display_task.o(.revsh_text), (4 bytes).
    Removing display_task.o(i.diaplay_test), (2 bytes).
    Removing display_bsp.o(.rev16_text), (4 bytes).
    Removing display_bsp.o(.revsh_text), (4 bytes).
    Removing io_manage_bsp.o(.rev16_text), (4 bytes).
    Removing io_manage_bsp.o(.revsh_text), (4 bytes).
    Removing network_bsp.o(.rev16_text), (4 bytes).
    Removing network_bsp.o(.revsh_text), (4 bytes).
    Removing network_bsp.o(i.HAL_UART_MspDeInit), (64 bytes).
    Removing network_bsp.o(.bss), (64 bytes).
    Removing network_bsp.o(.data), (1 bytes).
    Removing startup_stm32l053xx.o(HEAP), (512 bytes).
    Removing system_stm32l0xx.o(.rev16_text), (4 bytes).
    Removing system_stm32l0xx.o(.revsh_text), (4 bytes).
    Removing system_stm32l0xx.o(i.SystemCoreClockUpdate), (136 bytes).
    Removing stm32l0xx_hal.o(.rev16_text), (4 bytes).
    Removing stm32l0xx_hal.o(.revsh_text), (4 bytes).
    Removing stm32l0xx_hal.o(i.HAL_DBGMCU_DBG_DisableLowPowerConfig), (16 bytes).
    Removing stm32l0xx_hal.o(i.HAL_DBGMCU_DBG_EnableLowPowerConfig), (16 bytes).
    Removing stm32l0xx_hal.o(i.HAL_DBGMCU_DisableDBGSleepMode), (16 bytes).
    Removing stm32l0xx_hal.o(i.HAL_DBGMCU_DisableDBGStandbyMode), (16 bytes).
    Removing stm32l0xx_hal.o(i.HAL_DBGMCU_DisableDBGStopMode), (16 bytes).
    Removing stm32l0xx_hal.o(i.HAL_DBGMCU_EnableDBGSleepMode), (16 bytes).
    Removing stm32l0xx_hal.o(i.HAL_DBGMCU_EnableDBGStandbyMode), (16 bytes).
    Removing stm32l0xx_hal.o(i.HAL_DBGMCU_EnableDBGStopMode), (16 bytes).
    Removing stm32l0xx_hal.o(i.HAL_DeInit), (40 bytes).
    Removing stm32l0xx_hal.o(i.HAL_Delay), (22 bytes).
    Removing stm32l0xx_hal.o(i.HAL_GetDEVID), (16 bytes).
    Removing stm32l0xx_hal.o(i.HAL_GetHalVersion), (8 bytes).
    Removing stm32l0xx_hal.o(i.HAL_GetREVID), (12 bytes).
    Removing stm32l0xx_hal.o(i.HAL_MspDeInit), (2 bytes).
    Removing stm32l0xx_hal.o(i.HAL_ResumeTick), (16 bytes).
    Removing stm32l0xx_hal.o(i.HAL_SYSCFG_Disable_Lock_VREFINT), (16 bytes).
    Removing stm32l0xx_hal.o(i.HAL_SYSCFG_Enable_Lock_VREFINT), (16 bytes).
    Removing stm32l0xx_hal.o(i.HAL_SYSCFG_GetBootMode), (16 bytes).
    Removing stm32l0xx_hal.o(i.HAL_SYSCFG_VREFINT_OutputSelect), (24 bytes).
    Removing stm32l0xx_hal.o(i.HAL_SuspendTick), (16 bytes).
    Removing stm32l0xx_hal_cortex.o(.rev16_text), (4 bytes).
    Removing stm32l0xx_hal_cortex.o(.revsh_text), (4 bytes).
    Removing stm32l0xx_hal_cortex.o(i.HAL_MPU_ConfigRegion), (80 bytes).
    Removing stm32l0xx_hal_cortex.o(i.HAL_NVIC_ClearPendingIRQ), (20 bytes).
    Removing stm32l0xx_hal_cortex.o(i.HAL_NVIC_DisableIRQ), (20 bytes).
    Removing stm32l0xx_hal_cortex.o(i.HAL_NVIC_GetPendingIRQ), (28 bytes).
    Removing stm32l0xx_hal_cortex.o(i.HAL_NVIC_GetPriority), (52 bytes).
    Removing stm32l0xx_hal_cortex.o(i.HAL_NVIC_SetPendingIRQ), (20 bytes).
    Removing stm32l0xx_hal_cortex.o(i.HAL_NVIC_SystemReset), (28 bytes).
    Removing stm32l0xx_hal_cortex.o(i.HAL_SYSTICK_CLKSourceConfig), (24 bytes).
    Removing stm32l0xx_hal_gpio.o(.rev16_text), (4 bytes).
    Removing stm32l0xx_hal_gpio.o(.revsh_text), (4 bytes).
    Removing stm32l0xx_hal_gpio.o(i.HAL_GPIO_DeInit), (228 bytes).
    Removing stm32l0xx_hal_gpio.o(i.HAL_GPIO_EXTI_Callback), (2 bytes).
    Removing stm32l0xx_hal_gpio.o(i.HAL_GPIO_EXTI_IRQHandler), (24 bytes).
    Removing stm32l0xx_hal_gpio.o(i.HAL_GPIO_LockPin), (36 bytes).
    Removing stm32l0xx_hal_gpio.o(i.HAL_GPIO_ReadPin), (10 bytes).
    Removing stm32l0xx_hal_gpio.o(i.HAL_GPIO_TogglePin), (8 bytes).
    Removing stm32l0xx_hal_rcc.o(.rev16_text), (4 bytes).
    Removing stm32l0xx_hal_rcc.o(.revsh_text), (4 bytes).
    Removing stm32l0xx_hal_rcc.o(i.HAL_RCC_CSSCallback), (2 bytes).
    Removing stm32l0xx_hal_rcc.o(i.HAL_RCC_DeInit), (108 bytes).
    Removing stm32l0xx_hal_rcc.o(i.HAL_RCC_EnableCSS), (20 bytes).
    Removing stm32l0xx_hal_rcc.o(i.HAL_RCC_GetClockConfig), (64 bytes).
    Removing stm32l0xx_hal_rcc.o(i.HAL_RCC_GetHCLKFreq), (12 bytes).
    Removing stm32l0xx_hal_rcc.o(i.HAL_RCC_GetOscConfig), (192 bytes).
    Removing stm32l0xx_hal_rcc.o(i.HAL_RCC_MCOConfig), (96 bytes).
    Removing stm32l0xx_hal_rcc.o(i.HAL_RCC_NMI_IRQHandler), (24 bytes).
    Removing stm32l0xx_hal_adc.o(.rev16_text), (4 bytes).
    Removing stm32l0xx_hal_adc.o(.revsh_text), (4 bytes).
    Removing stm32l0xx_hal_adc.o(i.ADC_ConversionStop), (82 bytes).
    Removing stm32l0xx_hal_adc.o(i.ADC_Disable), (96 bytes).
    Removing stm32l0xx_hal_adc.o(i.HAL_ADC_AnalogWDGConfig), (156 bytes).
    Removing stm32l0xx_hal_adc.o(i.HAL_ADC_DeInit), (180 bytes).
    Removing stm32l0xx_hal_adc.o(i.HAL_ADC_GetError), (4 bytes).
    Removing stm32l0xx_hal_adc.o(i.HAL_ADC_GetState), (4 bytes).
    Removing stm32l0xx_hal_adc.o(i.HAL_ADC_GetValue), (6 bytes).
    Removing stm32l0xx_hal_adc.o(i.HAL_ADC_IRQHandler), (214 bytes).
    Removing stm32l0xx_hal_adc.o(i.HAL_ADC_LevelOutOfWindowCallback), (2 bytes).
    Removing stm32l0xx_hal_adc.o(i.HAL_ADC_MspDeInit), (2 bytes).
    Removing stm32l0xx_hal_adc.o(i.HAL_ADC_MspInit), (2 bytes).
    Removing stm32l0xx_hal_adc.o(i.HAL_ADC_PollForConversion), (190 bytes).
    Removing stm32l0xx_hal_adc.o(i.HAL_ADC_PollForEvent), (116 bytes).
    Removing stm32l0xx_hal_adc.o(i.HAL_ADC_Start), (92 bytes).
    Removing stm32l0xx_hal_adc.o(i.HAL_ADC_Start_IT), (124 bytes).
    Removing stm32l0xx_hal_adc.o(i.HAL_ADC_Stop), (62 bytes).
    Removing stm32l0xx_hal_adc.o(i.HAL_ADC_Stop_DMA), (112 bytes).
    Removing stm32l0xx_hal_adc.o(i.HAL_ADC_Stop_IT), (72 bytes).
    Removing stm32l0xx_hal_dma.o(.rev16_text), (4 bytes).
    Removing stm32l0xx_hal_dma.o(.revsh_text), (4 bytes).
    Removing stm32l0xx_hal_dma.o(i.HAL_DMA_GetError), (4 bytes).
    Removing stm32l0xx_hal_dma.o(i.HAL_DMA_GetState), (6 bytes).
    Removing stm32l0xx_hal_dma.o(i.HAL_DMA_IRQHandler), (640 bytes).
    Removing stm32l0xx_hal_dma.o(i.HAL_DMA_PollForTransfer), (616 bytes).
    Removing stm32l0xx_hal_dma.o(i.HAL_DMA_Start), (50 bytes).
    Removing stm32l0xx_hal_adc_ex.o(.rev16_text), (4 bytes).
    Removing stm32l0xx_hal_adc_ex.o(.revsh_text), (4 bytes).
    Removing stm32l0xx_hal_adc_ex.o(i.HAL_ADCEx_Calibration_GetValue), (12 bytes).
    Removing stm32l0xx_hal_adc_ex.o(i.HAL_ADCEx_Calibration_SetValue), (94 bytes).
    Removing stm32l0xx_hal_adc_ex.o(i.HAL_ADCEx_DisableVREFINT), (16 bytes).
    Removing stm32l0xx_hal_adc_ex.o(i.HAL_ADCEx_DisableVREFINTTempSensor), (16 bytes).
    Removing stm32l0xx_hal_adc_ex.o(i.HAL_ADCEx_EnableVREFINT), (48 bytes).
    Removing stm32l0xx_hal_adc_ex.o(i.HAL_ADCEx_EnableVREFINTTempSensor), (48 bytes).
    Removing stm32l0xx_hal_lcd.o(.rev16_text), (4 bytes).
    Removing stm32l0xx_hal_lcd.o(.revsh_text), (4 bytes).
    Removing stm32l0xx_hal_lcd.o(i.HAL_LCD_DeInit), (66 bytes).
    Removing stm32l0xx_hal_lcd.o(i.HAL_LCD_GetError), (4 bytes).
    Removing stm32l0xx_hal_lcd.o(i.HAL_LCD_GetState), (6 bytes).
    Removing stm32l0xx_hal_lcd.o(i.HAL_LCD_MspDeInit), (2 bytes).
    Removing stm32l0xx_hal_lcd.o(i.HAL_LCD_MspInit), (2 bytes).
    Removing stm32l0xx_hal_lcd.o(i.HAL_LCD_Write), (118 bytes).
    Removing stm32l0xx_hal_pwr.o(.rev16_text), (4 bytes).
    Removing stm32l0xx_hal_pwr.o(.revsh_text), (4 bytes).
    Removing stm32l0xx_hal_pwr.o(i.HAL_PWR_ConfigPVD), (104 bytes).
    Removing stm32l0xx_hal_pwr.o(i.HAL_PWR_DeInit), (24 bytes).
    Removing stm32l0xx_hal_pwr.o(i.HAL_PWR_DisableBkUpAccess), (16 bytes).
    Removing stm32l0xx_hal_pwr.o(i.HAL_PWR_DisablePVD), (16 bytes).
    Removing stm32l0xx_hal_pwr.o(i.HAL_PWR_DisableSEVOnPend), (16 bytes).
    Removing stm32l0xx_hal_pwr.o(i.HAL_PWR_DisableSleepOnExit), (16 bytes).
    Removing stm32l0xx_hal_pwr.o(i.HAL_PWR_DisableWakeUpPin), (16 bytes).
    Removing stm32l0xx_hal_pwr.o(i.HAL_PWR_EnablePVD), (16 bytes).
    Removing stm32l0xx_hal_pwr.o(i.HAL_PWR_EnableSEVOnPend), (16 bytes).
    Removing stm32l0xx_hal_pwr.o(i.HAL_PWR_EnableSleepOnExit), (16 bytes).
    Removing stm32l0xx_hal_pwr.o(i.HAL_PWR_EnableWakeUpPin), (16 bytes).
    Removing stm32l0xx_hal_pwr.o(i.HAL_PWR_EnterSLEEPMode), (48 bytes).
    Removing stm32l0xx_hal_pwr.o(i.HAL_PWR_EnterSTANDBYMode), (32 bytes).
    Removing stm32l0xx_hal_pwr.o(i.HAL_PWR_EnterSTOPMode), (52 bytes).
    Removing stm32l0xx_hal_pwr.o(i.HAL_PWR_PVDCallback), (2 bytes).
    Removing stm32l0xx_hal_pwr.o(i.HAL_PWR_PVD_IRQHandler), (28 bytes).
    Removing stm32l0xx_hal_rtc_ex.o(.rev16_text), (4 bytes).
    Removing stm32l0xx_hal_rtc_ex.o(.revsh_text), (4 bytes).
    Removing stm32l0xx_hal_rtc_ex.o(i.HAL_RTCEx_AlarmBEventCallback), (2 bytes).
    Removing stm32l0xx_hal_rtc_ex.o(i.HAL_RTCEx_BKUPRead), (12 bytes).
    Removing stm32l0xx_hal_rtc_ex.o(i.HAL_RTCEx_BKUPWrite), (12 bytes).
    Removing stm32l0xx_hal_rtc_ex.o(i.HAL_RTCEx_DeactivateCalibrationOutPut), (60 bytes).
    Removing stm32l0xx_hal_rtc_ex.o(i.HAL_RTCEx_DeactivateRefClock), (98 bytes).
    Removing stm32l0xx_hal_rtc_ex.o(i.HAL_RTCEx_DeactivateTamper), (76 bytes).
    Removing stm32l0xx_hal_rtc_ex.o(i.HAL_RTCEx_DeactivateTimeStamp), (76 bytes).
    Removing stm32l0xx_hal_rtc_ex.o(i.HAL_RTCEx_DeactivateWakeUpTimer), (122 bytes).
    Removing stm32l0xx_hal_rtc_ex.o(i.HAL_RTCEx_DisableBypassShadow), (60 bytes).
    Removing stm32l0xx_hal_rtc_ex.o(i.HAL_RTCEx_EnableBypassShadow), (60 bytes).
    Removing stm32l0xx_hal_rtc_ex.o(i.HAL_RTCEx_GetTimeStamp), (160 bytes).
    Removing stm32l0xx_hal_rtc_ex.o(i.HAL_RTCEx_GetWakeUpTimer), (8 bytes).
    Removing stm32l0xx_hal_rtc_ex.o(i.HAL_RTCEx_PollForAlarmBEvent), (76 bytes).
    Removing stm32l0xx_hal_rtc_ex.o(i.HAL_RTCEx_PollForTamper1Event), (76 bytes).
    Removing stm32l0xx_hal_rtc_ex.o(i.HAL_RTCEx_PollForTamper2Event), (76 bytes).
    Removing stm32l0xx_hal_rtc_ex.o(i.HAL_RTCEx_PollForTimeStampEvent), (88 bytes).
    Removing stm32l0xx_hal_rtc_ex.o(i.HAL_RTCEx_PollForWakeUpTimerEvent), (76 bytes).
    Removing stm32l0xx_hal_rtc_ex.o(i.HAL_RTCEx_SetCalibrationOutPut), (78 bytes).
    Removing stm32l0xx_hal_rtc_ex.o(i.HAL_RTCEx_SetRefClock), (98 bytes).
    Removing stm32l0xx_hal_rtc_ex.o(i.HAL_RTCEx_SetSmoothCalib), (126 bytes).
    Removing stm32l0xx_hal_rtc_ex.o(i.HAL_RTCEx_SetSynchroShift), (152 bytes).
    Removing stm32l0xx_hal_rtc_ex.o(i.HAL_RTCEx_SetTamper), (180 bytes).
    Removing stm32l0xx_hal_rtc_ex.o(i.HAL_RTCEx_SetTamper_IT), (208 bytes).
    Removing stm32l0xx_hal_rtc_ex.o(i.HAL_RTCEx_SetTimeStamp), (76 bytes).
    Removing stm32l0xx_hal_rtc_ex.o(i.HAL_RTCEx_SetTimeStamp_IT), (108 bytes).
    Removing stm32l0xx_hal_rtc_ex.o(i.HAL_RTCEx_SetWakeUpTimer), (196 bytes).
    Removing stm32l0xx_hal_rtc_ex.o(i.HAL_RTCEx_SetWakeUpTimer_IT), (248 bytes).
    Removing stm32l0xx_hal_rtc_ex.o(i.HAL_RTCEx_Tamper1EventCallback), (2 bytes).
    Removing stm32l0xx_hal_rtc_ex.o(i.HAL_RTCEx_Tamper2EventCallback), (2 bytes).
    Removing stm32l0xx_hal_rtc_ex.o(i.HAL_RTCEx_TamperTimeStampIRQHandler), (148 bytes).
    Removing stm32l0xx_hal_rtc_ex.o(i.HAL_RTCEx_TimeStampEventCallback), (2 bytes).
    Removing stm32l0xx_hal_rtc_ex.o(i.HAL_RTCEx_WakeUpTimerEventCallback), (2 bytes).
    Removing stm32l0xx_hal_rtc_ex.o(i.HAL_RTCEx_WakeUpTimerIRQHandler), (56 bytes).
    Removing stm32l0xx_hal_rcc_ex.o(.rev16_text), (4 bytes).
    Removing stm32l0xx_hal_rcc_ex.o(.revsh_text), (4 bytes).
    Removing stm32l0xx_hal_rcc_ex.o(i.HAL_RCCEx_CRSConfig), (72 bytes).
    Removing stm32l0xx_hal_rcc_ex.o(i.HAL_RCCEx_CRSGetSynchronizationInfo), (40 bytes).
    Removing stm32l0xx_hal_rcc_ex.o(i.HAL_RCCEx_CRSSoftwareSynchronizationGenerate), (16 bytes).
    Removing stm32l0xx_hal_rcc_ex.o(i.HAL_RCCEx_CRSWaitSynchronization), (120 bytes).
    Removing stm32l0xx_hal_rcc_ex.o(i.HAL_RCCEx_CRS_ErrorCallback), (2 bytes).
    Removing stm32l0xx_hal_rcc_ex.o(i.HAL_RCCEx_CRS_ExpectedSyncCallback), (2 bytes).
    Removing stm32l0xx_hal_rcc_ex.o(i.HAL_RCCEx_CRS_IRQHandler), (112 bytes).
    Removing stm32l0xx_hal_rcc_ex.o(i.HAL_RCCEx_CRS_SyncOkCallback), (2 bytes).
    Removing stm32l0xx_hal_rcc_ex.o(i.HAL_RCCEx_CRS_SyncWarnCallback), (2 bytes).
    Removing stm32l0xx_hal_rcc_ex.o(i.HAL_RCCEx_DisableHSI48_VREFINT), (16 bytes).
    Removing stm32l0xx_hal_rcc_ex.o(i.HAL_RCCEx_DisableLSECSS), (32 bytes).
    Removing stm32l0xx_hal_rcc_ex.o(i.HAL_RCCEx_EnableHSI48_VREFINT), (16 bytes).
    Removing stm32l0xx_hal_rcc_ex.o(i.HAL_RCCEx_EnableLSECSS), (20 bytes).
    Removing stm32l0xx_hal_rcc_ex.o(i.HAL_RCCEx_EnableLSECSS_IT), (52 bytes).
    Removing stm32l0xx_hal_rcc_ex.o(i.HAL_RCCEx_GetPeriphCLKConfig), (112 bytes).
    Removing stm32l0xx_hal_rcc_ex.o(i.HAL_RCCEx_LSECSS_Callback), (2 bytes).
    Removing stm32l0xx_hal_rcc_ex.o(i.HAL_RCCEx_LSECSS_IRQHandler), (24 bytes).
    Removing stm32l0xx_hal_rtc.o(.rev16_text), (4 bytes).
    Removing stm32l0xx_hal_rtc.o(.revsh_text), (4 bytes).
    Removing stm32l0xx_hal_rtc.o(i.HAL_RTC_AlarmAEventCallback), (2 bytes).
    Removing stm32l0xx_hal_rtc.o(i.HAL_RTC_AlarmIRQHandler), (96 bytes).
    Removing stm32l0xx_hal_rtc.o(i.HAL_RTC_DeInit), (212 bytes).
    Removing stm32l0xx_hal_rtc.o(i.HAL_RTC_DeactivateAlarm), (184 bytes).
    Removing stm32l0xx_hal_rtc.o(i.HAL_RTC_GetAlarm), (140 bytes).
    Removing stm32l0xx_hal_rtc.o(i.HAL_RTC_GetDate), (68 bytes).
    Removing stm32l0xx_hal_rtc.o(i.HAL_RTC_GetState), (6 bytes).
    Removing stm32l0xx_hal_rtc.o(i.HAL_RTC_GetTime), (92 bytes).
    Removing stm32l0xx_hal_rtc.o(i.HAL_RTC_Init), (164 bytes).
    Removing stm32l0xx_hal_rtc.o(i.HAL_RTC_MspDeInit), (2 bytes).
    Removing stm32l0xx_hal_rtc.o(i.HAL_RTC_MspInit), (2 bytes).
    Removing stm32l0xx_hal_rtc.o(i.HAL_RTC_PollForAlarmAEvent), (72 bytes).
    Removing stm32l0xx_hal_rtc.o(i.HAL_RTC_SetAlarm), (368 bytes).
    Removing stm32l0xx_hal_rtc.o(i.HAL_RTC_SetAlarm_IT), (416 bytes).
    Removing stm32l0xx_hal_rtc.o(i.HAL_RTC_SetDate), (204 bytes).
    Removing stm32l0xx_hal_rtc.o(i.HAL_RTC_SetTime), (240 bytes).
    Removing stm32l0xx_hal_rtc.o(i.HAL_RTC_WaitForSynchro), (52 bytes).
    Removing stm32l0xx_hal_rtc.o(i.RTC_Bcd2ToByte), (16 bytes).
    Removing stm32l0xx_hal_rtc.o(i.RTC_ByteToBcd2), (22 bytes).
    Removing stm32l0xx_hal_rtc.o(i.RTC_EnterInitMode), (56 bytes).
    Removing stm32l0xx_hal_uart_ex.o(.rev16_text), (4 bytes).
    Removing stm32l0xx_hal_uart_ex.o(.revsh_text), (4 bytes).
    Removing stm32l0xx_hal_uart_ex.o(i.HAL_MultiProcessorEx_AddressLength_Set), (54 bytes).
    Removing stm32l0xx_hal_uart_ex.o(i.HAL_RS485Ex_Init), (144 bytes).
    Removing stm32l0xx_hal_uart_ex.o(i.HAL_UARTEx_DisableClockStopMode), (44 bytes).
    Removing stm32l0xx_hal_uart_ex.o(i.HAL_UARTEx_DisableStopMode), (42 bytes).
    Removing stm32l0xx_hal_uart_ex.o(i.HAL_UARTEx_EnableClockStopMode), (44 bytes).
    Removing stm32l0xx_hal_uart_ex.o(i.HAL_UARTEx_EnableStopMode), (42 bytes).
    Removing stm32l0xx_hal_uart_ex.o(i.HAL_UARTEx_StopModeWakeUpSourceConfig), (152 bytes).
    Removing stm32l0xx_hal_uart.o(.rev16_text), (4 bytes).
    Removing stm32l0xx_hal_uart.o(.revsh_text), (4 bytes).
    Removing stm32l0xx_hal_uart.o(i.HAL_HalfDuplex_EnableReceiver), (54 bytes).
    Removing stm32l0xx_hal_uart.o(i.HAL_HalfDuplex_EnableTransmitter), (54 bytes).
    Removing stm32l0xx_hal_uart.o(i.HAL_HalfDuplex_Init), (118 bytes).
    Removing stm32l0xx_hal_uart.o(i.HAL_LIN_Init), (146 bytes).
    Removing stm32l0xx_hal_uart.o(i.HAL_LIN_SendBreak), (42 bytes).
    Removing stm32l0xx_hal_uart.o(i.HAL_MultiProcessor_DisableMuteMode), (46 bytes).
    Removing stm32l0xx_hal_uart.o(i.HAL_MultiProcessor_EnableMuteMode), (46 bytes).
    Removing stm32l0xx_hal_uart.o(i.HAL_MultiProcessor_EnterMuteMode), (12 bytes).
    Removing stm32l0xx_hal_uart.o(i.HAL_MultiProcessor_Init), (144 bytes).
    Removing stm32l0xx_hal_uart.o(i.HAL_UART_Abort), (120 bytes).
    Removing stm32l0xx_hal_uart.o(i.HAL_UART_AbortCpltCallback), (2 bytes).
    Removing stm32l0xx_hal_uart.o(i.HAL_UART_AbortReceive), (80 bytes).
    Removing stm32l0xx_hal_uart.o(i.HAL_UART_AbortReceiveCpltCallback), (2 bytes).
    Removing stm32l0xx_hal_uart.o(i.HAL_UART_AbortReceive_IT), (116 bytes).
    Removing stm32l0xx_hal_uart.o(i.HAL_UART_AbortTransmit), (62 bytes).
    Removing stm32l0xx_hal_uart.o(i.HAL_UART_AbortTransmitCpltCallback), (2 bytes).
    Removing stm32l0xx_hal_uart.o(i.HAL_UART_AbortTransmit_IT), (92 bytes).
    Removing stm32l0xx_hal_uart.o(i.HAL_UART_Abort_IT), (196 bytes).
    Removing stm32l0xx_hal_uart.o(i.HAL_UART_DMAPause), (94 bytes).
    Removing stm32l0xx_hal_uart.o(i.HAL_UART_DMAResume), (86 bytes).
    Removing stm32l0xx_hal_uart.o(i.HAL_UART_DeInit), (62 bytes).
    Removing stm32l0xx_hal_uart.o(i.HAL_UART_GetError), (4 bytes).
    Removing stm32l0xx_hal_uart.o(i.HAL_UART_GetState), (12 bytes).
    Removing stm32l0xx_hal_uart.o(i.HAL_UART_MspDeInit), (2 bytes).
    Removing stm32l0xx_hal_uart.o(i.HAL_UART_MspInit), (2 bytes).
    Removing stm32l0xx_hal_uart.o(i.HAL_UART_Receive), (256 bytes).
    Removing stm32l0xx_hal_uart.o(i.HAL_UART_Receive_IT), (160 bytes).
    Removing stm32l0xx_hal_uart.o(i.HAL_UART_Transmit), (200 bytes).
    Removing stm32l0xx_hal_uart.o(i.HAL_UART_Transmit_DMA), (152 bytes).
    Removing stm32l0xx_hal_uart.o(i.HAL_UART_TxHalfCpltCallback), (2 bytes).
    Removing stm32l0xx_hal_uart.o(i.UART_DMARxAbortCallback), (54 bytes).
    Removing stm32l0xx_hal_uart.o(i.UART_DMARxOnlyAbortCallback), (28 bytes).
    Removing stm32l0xx_hal_uart.o(i.UART_DMATransmitCplt), (48 bytes).
    Removing stm32l0xx_hal_uart.o(i.UART_DMATxAbortCallback), (54 bytes).
    Removing stm32l0xx_hal_uart.o(i.UART_DMATxHalfCplt), (10 bytes).
    Removing stm32l0xx_hal_uart.o(i.UART_DMATxOnlyAbortCallback), (22 bytes).
    Removing stm32l0xx_hal_usart.o(.rev16_text), (4 bytes).
    Removing stm32l0xx_hal_usart.o(.revsh_text), (4 bytes).
    Removing stm32l0xx_hal_usart.o(i.HAL_USART_Abort), (112 bytes).
    Removing stm32l0xx_hal_usart.o(i.HAL_USART_AbortCpltCallback), (2 bytes).
    Removing stm32l0xx_hal_usart.o(i.HAL_USART_Abort_IT), (188 bytes).
    Removing stm32l0xx_hal_usart.o(i.HAL_USART_DMAPause), (116 bytes).
    Removing stm32l0xx_hal_usart.o(i.HAL_USART_DMAResume), (94 bytes).
    Removing stm32l0xx_hal_usart.o(i.HAL_USART_DMAStop), (60 bytes).
    Removing stm32l0xx_hal_usart.o(i.HAL_USART_DeInit), (50 bytes).
    Removing stm32l0xx_hal_usart.o(i.HAL_USART_ErrorCallback), (2 bytes).
    Removing stm32l0xx_hal_usart.o(i.HAL_USART_GetError), (4 bytes).
    Removing stm32l0xx_hal_usart.o(i.HAL_USART_GetState), (6 bytes).
    Removing stm32l0xx_hal_usart.o(i.HAL_USART_IRQHandler), (360 bytes).
    Removing stm32l0xx_hal_usart.o(i.HAL_USART_Init), (178 bytes).
    Removing stm32l0xx_hal_usart.o(i.HAL_USART_MspDeInit), (2 bytes).
    Removing stm32l0xx_hal_usart.o(i.HAL_USART_MspInit), (2 bytes).
    Removing stm32l0xx_hal_usart.o(i.HAL_USART_Receive), (268 bytes).
    Removing stm32l0xx_hal_usart.o(i.HAL_USART_Receive_DMA), (196 bytes).
    Removing stm32l0xx_hal_usart.o(i.HAL_USART_Receive_IT), (176 bytes).
    Removing stm32l0xx_hal_usart.o(i.HAL_USART_RxCpltCallback), (2 bytes).
    Removing stm32l0xx_hal_usart.o(i.HAL_USART_RxHalfCpltCallback), (2 bytes).
    Removing stm32l0xx_hal_usart.o(i.HAL_USART_Transmit), (190 bytes).
    Removing stm32l0xx_hal_usart.o(i.HAL_USART_TransmitReceive), (328 bytes).
    Removing stm32l0xx_hal_usart.o(i.HAL_USART_TransmitReceive_DMA), (228 bytes).
    Removing stm32l0xx_hal_usart.o(i.HAL_USART_TransmitReceive_IT), (180 bytes).
    Removing stm32l0xx_hal_usart.o(i.HAL_USART_Transmit_DMA), (140 bytes).
    Removing stm32l0xx_hal_usart.o(i.HAL_USART_Transmit_IT), (84 bytes).
    Removing stm32l0xx_hal_usart.o(i.HAL_USART_TxCpltCallback), (2 bytes).
    Removing stm32l0xx_hal_usart.o(i.HAL_USART_TxHalfCpltCallback), (2 bytes).
    Removing stm32l0xx_hal_usart.o(i.HAL_USART_TxRxCpltCallback), (2 bytes).
    Removing stm32l0xx_hal_usart.o(i.USART_DMAAbortOnError), (16 bytes).
    Removing stm32l0xx_hal_usart.o(i.USART_DMAError), (38 bytes).
    Removing stm32l0xx_hal_usart.o(i.USART_DMAReceiveCplt), (108 bytes).
    Removing stm32l0xx_hal_usart.o(i.USART_DMARxAbortCallback), (46 bytes).
    Removing stm32l0xx_hal_usart.o(i.USART_DMARxHalfCplt), (10 bytes).
    Removing stm32l0xx_hal_usart.o(i.USART_DMATransmitCplt), (62 bytes).
    Removing stm32l0xx_hal_usart.o(i.USART_DMATxAbortCallback), (46 bytes).
    Removing stm32l0xx_hal_usart.o(i.USART_DMATxHalfCplt), (10 bytes).
    Removing stm32l0xx_hal_usart.o(i.USART_EndTransfer), (30 bytes).
    Removing stm32l0xx_hal_usart.o(i.USART_Receive_IT), (122 bytes).
    Removing stm32l0xx_hal_usart.o(i.USART_SetConfig), (220 bytes).
    Removing stm32l0xx_hal_usart.o(i.USART_TransmitReceive_IT), (208 bytes).
    Removing stm32l0xx_hal_usart.o(i.USART_Transmit_IT), (98 bytes).
    Removing stm32l0xx_hal_usart.o(i.USART_WaitOnFlagUntilTimeout), (96 bytes).

301 unused section(s) (total 19165 bytes) removed from the image.

==============================================================================

Image Symbol Table

    Local Symbols

    Symbol Name                              Value     Ov Type        Size  Object(Section)

    ../clib/microlib/division.c              0x00000000   Number         0  uidiv.o ABSOLUTE
    ../clib/microlib/division.c              0x00000000   Number         0  uldiv.o ABSOLUTE
    ../clib/microlib/init/entry.s            0x00000000   Number         0  entry12a.o ABSOLUTE
    ../clib/microlib/init/entry.s            0x00000000   Number         0  entry11b.o ABSOLUTE
    ../clib/microlib/init/entry.s            0x00000000   Number         0  entry2.o ABSOLUTE
    ../clib/microlib/init/entry.s            0x00000000   Number         0  entry7a.o ABSOLUTE
    ../clib/microlib/init/entry.s            0x00000000   Number         0  entry11a.o ABSOLUTE
    ../clib/microlib/init/entry.s            0x00000000   Number         0  entry10b.o ABSOLUTE
    ../clib/microlib/init/entry.s            0x00000000   Number         0  entry7b.o ABSOLUTE
    ../clib/microlib/init/entry.s            0x00000000   Number         0  entry10a.o ABSOLUTE
    ../clib/microlib/init/entry.s            0x00000000   Number         0  entry9b.o ABSOLUTE
    ../clib/microlib/init/entry.s            0x00000000   Number         0  entry.o ABSOLUTE
    ../clib/microlib/init/entry.s            0x00000000   Number         0  entry9a.o ABSOLUTE
    ../clib/microlib/init/entry.s            0x00000000   Number         0  entry8b.o ABSOLUTE
    ../clib/microlib/init/entry.s            0x00000000   Number         0  entry5.o ABSOLUTE
    ../clib/microlib/init/entry.s            0x00000000   Number         0  entry8a.o ABSOLUTE
    ../clib/microlib/init/entry.s            0x00000000   Number         0  entry12b.o ABSOLUTE
    ../clib/microlib/longlong.c              0x00000000   Number         0  llshl.o ABSOLUTE
    ../clib/microlib/longlong.c              0x00000000   Number         0  llushr.o ABSOLUTE
    ../clib/microlib/string/memcpy.c         0x00000000   Number         0  memcpyb.o ABSOLUTE
    ../clib/microlib/string/memcpy.c         0x00000000   Number         0  memcpya.o ABSOLUTE
    ../clib/microlib/string/memset.c         0x00000000   Number         0  memseta.o ABSOLUTE
    ../clib/microlib/string/strstr.c         0x00000000   Number         0  strstr.o ABSOLUTE
    ..\CORE\startup_stm32l053xx.s            0x00000000   Number         0  startup_stm32l053xx.o ABSOLUTE
    ..\CORE\system_stm32l0xx.c               0x00000000   Number         0  system_stm32l0xx.o ABSOLUTE
    ..\STM32L0xx_HAL_Driver\Src\stm32l0xx_hal.c 0x00000000   Number         0  stm32l0xx_hal.o ABSOLUTE
    ..\STM32L0xx_HAL_Driver\Src\stm32l0xx_hal_adc.c 0x00000000   Number         0  stm32l0xx_hal_adc.o ABSOLUTE
    ..\STM32L0xx_HAL_Driver\Src\stm32l0xx_hal_adc_ex.c 0x00000000   Number         0  stm32l0xx_hal_adc_ex.o ABSOLUTE
    ..\STM32L0xx_HAL_Driver\Src\stm32l0xx_hal_cortex.c 0x00000000   Number         0  stm32l0xx_hal_cortex.o ABSOLUTE
    ..\STM32L0xx_HAL_Driver\Src\stm32l0xx_hal_dma.c 0x00000000   Number         0  stm32l0xx_hal_dma.o ABSOLUTE
    ..\STM32L0xx_HAL_Driver\Src\stm32l0xx_hal_gpio.c 0x00000000   Number         0  stm32l0xx_hal_gpio.o ABSOLUTE
    ..\STM32L0xx_HAL_Driver\Src\stm32l0xx_hal_lcd.c 0x00000000   Number         0  stm32l0xx_hal_lcd.o ABSOLUTE
    ..\STM32L0xx_HAL_Driver\Src\stm32l0xx_hal_pwr.c 0x00000000   Number         0  stm32l0xx_hal_pwr.o ABSOLUTE
    ..\STM32L0xx_HAL_Driver\Src\stm32l0xx_hal_rcc.c 0x00000000   Number         0  stm32l0xx_hal_rcc.o ABSOLUTE
    ..\STM32L0xx_HAL_Driver\Src\stm32l0xx_hal_rcc_ex.c 0x00000000   Number         0  stm32l0xx_hal_rcc_ex.o ABSOLUTE
    ..\STM32L0xx_HAL_Driver\Src\stm32l0xx_hal_rtc.c 0x00000000   Number         0  stm32l0xx_hal_rtc.o ABSOLUTE
    ..\STM32L0xx_HAL_Driver\Src\stm32l0xx_hal_rtc_ex.c 0x00000000   Number         0  stm32l0xx_hal_rtc_ex.o ABSOLUTE
    ..\STM32L0xx_HAL_Driver\Src\stm32l0xx_hal_uart.c 0x00000000   Number         0  stm32l0xx_hal_uart.o ABSOLUTE
    ..\STM32L0xx_HAL_Driver\Src\stm32l0xx_hal_uart_ex.c 0x00000000   Number         0  stm32l0xx_hal_uart_ex.o ABSOLUTE
    ..\STM32L0xx_HAL_Driver\Src\stm32l0xx_hal_usart.c 0x00000000   Number         0  stm32l0xx_hal_usart.o ABSOLUTE
    ..\\CORE\\system_stm32l0xx.c             0x00000000   Number         0  system_stm32l0xx.o ABSOLUTE
    ..\\STM32L0xx_HAL_Driver\\Src\\stm32l0xx_hal.c 0x00000000   Number         0  stm32l0xx_hal.o ABSOLUTE
    ..\\STM32L0xx_HAL_Driver\\Src\\stm32l0xx_hal_adc.c 0x00000000   Number         0  stm32l0xx_hal_adc.o ABSOLUTE
    ..\\STM32L0xx_HAL_Driver\\Src\\stm32l0xx_hal_adc_ex.c 0x00000000   Number         0  stm32l0xx_hal_adc_ex.o ABSOLUTE
    ..\\STM32L0xx_HAL_Driver\\Src\\stm32l0xx_hal_cortex.c 0x00000000   Number         0  stm32l0xx_hal_cortex.o ABSOLUTE
    ..\\STM32L0xx_HAL_Driver\\Src\\stm32l0xx_hal_dma.c 0x00000000   Number         0  stm32l0xx_hal_dma.o ABSOLUTE
    ..\\STM32L0xx_HAL_Driver\\Src\\stm32l0xx_hal_gpio.c 0x00000000   Number         0  stm32l0xx_hal_gpio.o ABSOLUTE
    ..\\STM32L0xx_HAL_Driver\\Src\\stm32l0xx_hal_lcd.c 0x00000000   Number         0  stm32l0xx_hal_lcd.o ABSOLUTE
    ..\\STM32L0xx_HAL_Driver\\Src\\stm32l0xx_hal_pwr.c 0x00000000   Number         0  stm32l0xx_hal_pwr.o ABSOLUTE
    ..\\STM32L0xx_HAL_Driver\\Src\\stm32l0xx_hal_rcc.c 0x00000000   Number         0  stm32l0xx_hal_rcc.o ABSOLUTE
    ..\\STM32L0xx_HAL_Driver\\Src\\stm32l0xx_hal_rcc_ex.c 0x00000000   Number         0  stm32l0xx_hal_rcc_ex.o ABSOLUTE
    ..\\STM32L0xx_HAL_Driver\\Src\\stm32l0xx_hal_rtc.c 0x00000000   Number         0  stm32l0xx_hal_rtc.o ABSOLUTE
    ..\\STM32L0xx_HAL_Driver\\Src\\stm32l0xx_hal_rtc_ex.c 0x00000000   Number         0  stm32l0xx_hal_rtc_ex.o ABSOLUTE
    ..\\STM32L0xx_HAL_Driver\\Src\\stm32l0xx_hal_uart.c 0x00000000   Number         0  stm32l0xx_hal_uart.o ABSOLUTE
    ..\\STM32L0xx_HAL_Driver\\Src\\stm32l0xx_hal_uart_ex.c 0x00000000   Number         0  stm32l0xx_hal_uart_ex.o ABSOLUTE
    ..\\STM32L0xx_HAL_Driver\\Src\\stm32l0xx_hal_usart.c 0x00000000   Number         0  stm32l0xx_hal_usart.o ABSOLUTE
    ..\\source\\display\\display_bsp.c       0x00000000   Number         0  display_bsp.o ABSOLUTE
    ..\\source\\display\\display_task.c      0x00000000   Number         0  display_task.o ABSOLUTE
    ..\\source\\io_manage\\io_manage_bsp.c   0x00000000   Number         0  io_manage_bsp.o ABSOLUTE
    ..\\source\\network\\network_bsp.c       0x00000000   Number         0  network_bsp.o ABSOLUTE
    ..\\source\\senser\\senser_bsp.c         0x00000000   Number         0  senser_bsp.o ABSOLUTE
    ..\source\display\display_bsp.c          0x00000000   Number         0  display_bsp.o ABSOLUTE
    ..\source\display\display_task.c         0x00000000   Number         0  display_task.o ABSOLUTE
    ..\source\io_manage\io_manage_bsp.c      0x00000000   Number         0  io_manage_bsp.o ABSOLUTE
    ..\source\io_manage\io_manage_task.c     0x00000000   Number         0  io_manage_task.o ABSOLUTE
    ..\source\network\network_bsp.c          0x00000000   Number         0  network_bsp.o ABSOLUTE
    ..\source\network\network_task.c         0x00000000   Number         0  network_task.o ABSOLUTE
    ..\source\senser\senser_bsp.c            0x00000000   Number         0  senser_bsp.o ABSOLUTE
    ..\source\senser\senser_task.c           0x00000000   Number         0  senser_task.o ABSOLUTE
    ..\source\task_scheduler\task_scheduler.c 0x00000000   Number         0  task_scheduler.o ABSOLUTE
    dc.s                                     0x00000000   Number         0  dc.o ABSOLUTE
    handlers.s                               0x00000000   Number         0  handlers.o ABSOLUTE
    init.s                                   0x00000000   Number         0  init.o ABSOLUTE
    main.c                                   0x00000000   Number         0  main.o ABSOLUTE
    main.c                                   0x00000000   Number         0  main.o ABSOLUTE
    stm32l0xx_it.c                           0x00000000   Number         0  stm32l0xx_it.o ABSOLUTE
    stm32l0xx_it.c                           0x00000000   Number         0  stm32l0xx_it.o ABSOLUTE
    RESET                                    0x08000000   Section      192  startup_stm32l053xx.o(RESET)
    .ARM.Collect$$$$00000000                 0x080000c0   Section        0  entry.o(.ARM.Collect$$$$00000000)
    .ARM.Collect$$$$00000001                 0x080000c0   Section        4  entry2.o(.ARM.Collect$$$$00000001)
    .ARM.Collect$$$$00000004                 0x080000c4   Section        4  entry5.o(.ARM.Collect$$$$00000004)
    .ARM.Collect$$$$00000008                 0x080000c8   Section        0  entry7b.o(.ARM.Collect$$$$00000008)
    .ARM.Collect$$$$0000000A                 0x080000c8   Section        0  entry8b.o(.ARM.Collect$$$$0000000A)
    .ARM.Collect$$$$0000000B                 0x080000c8   Section        8  entry9a.o(.ARM.Collect$$$$0000000B)
    .ARM.Collect$$$$0000000E                 0x080000d0   Section        4  entry12b.o(.ARM.Collect$$$$0000000E)
    .ARM.Collect$$$$0000000F                 0x080000d4   Section        0  entry10a.o(.ARM.Collect$$$$0000000F)
    .ARM.Collect$$$$00000011                 0x080000d4   Section        0  entry11a.o(.ARM.Collect$$$$00000011)
    .ARM.Collect$$$$00002712                 0x080000d4   Section        4  entry2.o(.ARM.Collect$$$$00002712)
    __lit__00000000                          0x080000d4   Data           4  entry2.o(.ARM.Collect$$$$00002712)
    .text                                    0x080000d8   Section       28  startup_stm32l053xx.o(.text)
    .text                                    0x080000f4   Section        0  uidiv.o(.text)
    .text                                    0x08000120   Section        0  uldiv.o(.text)
    .text                                    0x08000180   Section        0  memcpya.o(.text)
    .text                                    0x080001a4   Section        0  memseta.o(.text)
    .text                                    0x080001c8   Section        0  strstr.o(.text)
    .text                                    0x080001f0   Section        0  llshl.o(.text)
    .text                                    0x08000210   Section        0  llushr.o(.text)
    .text                                    0x08000234   Section       36  init.o(.text)
    i.ADC_DMAConvCplt                        0x08000258   Section        0  stm32l0xx_hal_adc.o(i.ADC_DMAConvCplt)
    ADC_DMAConvCplt                          0x08000259   Thumb Code   108  stm32l0xx_hal_adc.o(i.ADC_DMAConvCplt)
    i.ADC_DMAError                           0x080002c4   Section        0  stm32l0xx_hal_adc.o(i.ADC_DMAError)
    ADC_DMAError                             0x080002c5   Thumb Code    26  stm32l0xx_hal_adc.o(i.ADC_DMAError)
    i.ADC_DMAHalfConvCplt                    0x080002de   Section        0  stm32l0xx_hal_adc.o(i.ADC_DMAHalfConvCplt)
    ADC_DMAHalfConvCplt                      0x080002df   Thumb Code    10  stm32l0xx_hal_adc.o(i.ADC_DMAHalfConvCplt)
    i.ADC_DelayMicroSecond                   0x080002e8   Section        0  stm32l0xx_hal_adc.o(i.ADC_DelayMicroSecond)
    ADC_DelayMicroSecond                     0x080002e9   Thumb Code    28  stm32l0xx_hal_adc.o(i.ADC_DelayMicroSecond)
    i.ADC_Enable                             0x0800030c   Section        0  stm32l0xx_hal_adc.o(i.ADC_Enable)
    ADC_Enable                               0x0800030d   Thumb Code    96  stm32l0xx_hal_adc.o(i.ADC_Enable)
    i.DMA1_Channel1_IRQHandler               0x08000370   Section        0  senser_bsp.o(i.DMA1_Channel1_IRQHandler)
    i.DMA_SetConfig                          0x08000372   Section        0  stm32l0xx_hal_dma.o(i.DMA_SetConfig)
    DMA_SetConfig                            0x08000373   Thumb Code    30  stm32l0xx_hal_dma.o(i.DMA_SetConfig)
    i.Error_Handler                          0x08000390   Section        0  main.o(i.Error_Handler)
    i.HAL_ADCEx_Calibration_Start            0x08000392   Section        0  stm32l0xx_hal_adc_ex.o(i.HAL_ADCEx_Calibration_Start)
    i.HAL_ADC_ConfigChannel                  0x0800043c   Section        0  stm32l0xx_hal_adc.o(i.HAL_ADC_ConfigChannel)
    i.HAL_ADC_ConvCpltCallback               0x080004f4   Section        0  stm32l0xx_hal_adc.o(i.HAL_ADC_ConvCpltCallback)
    i.HAL_ADC_ConvHalfCpltCallback           0x080004f6   Section        0  stm32l0xx_hal_adc.o(i.HAL_ADC_ConvHalfCpltCallback)
    i.HAL_ADC_ErrorCallback                  0x080004f8   Section        0  stm32l0xx_hal_adc.o(i.HAL_ADC_ErrorCallback)
    i.HAL_ADC_Init                           0x080004fc   Section        0  stm32l0xx_hal_adc.o(i.HAL_ADC_Init)
    i.HAL_ADC_MspInit                        0x080006c0   Section        0  senser_bsp.o(i.HAL_ADC_MspInit)
    i.HAL_ADC_Start_DMA                      0x08000760   Section        0  stm32l0xx_hal_adc.o(i.HAL_ADC_Start_DMA)
    i.HAL_DMA_Abort                          0x08000800   Section        0  stm32l0xx_hal_dma.o(i.HAL_DMA_Abort)
    i.HAL_DMA_Abort_IT                       0x0800084c   Section        0  stm32l0xx_hal_dma.o(i.HAL_DMA_Abort_IT)
    i.HAL_DMA_DeInit                         0x080008e4   Section        0  stm32l0xx_hal_dma.o(i.HAL_DMA_DeInit)
    i.HAL_DMA_Init                           0x08000ab8   Section        0  stm32l0xx_hal_dma.o(i.HAL_DMA_Init)
    i.HAL_DMA_Start_IT                       0x08000bc0   Section        0  stm32l0xx_hal_dma.o(i.HAL_DMA_Start_IT)
    i.HAL_GPIO_Init                          0x08000c10   Section        0  stm32l0xx_hal_gpio.o(i.HAL_GPIO_Init)
    i.HAL_GPIO_WritePin                      0x08000d88   Section        0  stm32l0xx_hal_gpio.o(i.HAL_GPIO_WritePin)
    i.HAL_GetTick                            0x08000d94   Section        0  stm32l0xx_hal.o(i.HAL_GetTick)
    i.HAL_IncTick                            0x08000da0   Section        0  stm32l0xx_hal.o(i.HAL_IncTick)
    i.HAL_Init                               0x08000db0   Section        0  stm32l0xx_hal.o(i.HAL_Init)
    i.HAL_InitTick                           0x08000dd0   Section        0  stm32l0xx_hal.o(i.HAL_InitTick)
    i.HAL_LCD_Clear                          0x08000df8   Section        0  stm32l0xx_hal_lcd.o(i.HAL_LCD_Clear)
    i.HAL_LCD_Init                           0x08000e68   Section        0  stm32l0xx_hal_lcd.o(i.HAL_LCD_Init)
    i.HAL_LCD_MspInit                        0x08000f64   Section        0  display_bsp.o(i.HAL_LCD_MspInit)
    i.HAL_LCD_UpdateDisplayRequest           0x08001048   Section        0  stm32l0xx_hal_lcd.o(i.HAL_LCD_UpdateDisplayRequest)
    i.HAL_MspInit                            0x08001094   Section        0  stm32l0xx_hal.o(i.HAL_MspInit)
    i.HAL_NVIC_EnableIRQ                     0x08001098   Section        0  stm32l0xx_hal_cortex.o(i.HAL_NVIC_EnableIRQ)
    i.HAL_NVIC_SetPriority                   0x080010ac   Section        0  stm32l0xx_hal_cortex.o(i.HAL_NVIC_SetPriority)
    i.HAL_PWR_EnableBkUpAccess               0x080010b4   Section        0  stm32l0xx_hal_pwr.o(i.HAL_PWR_EnableBkUpAccess)
    i.HAL_RCCEx_GetPeriphCLKFreq             0x080010c4   Section        0  stm32l0xx_hal_rcc_ex.o(i.HAL_RCCEx_GetPeriphCLKFreq)
    i.HAL_RCCEx_PeriphCLKConfig              0x08001268   Section        0  stm32l0xx_hal_rcc_ex.o(i.HAL_RCCEx_PeriphCLKConfig)
    i.HAL_RCC_ClockConfig                    0x08001400   Section        0  stm32l0xx_hal_rcc.o(i.HAL_RCC_ClockConfig)
    i.HAL_RCC_GetPCLK1Freq                   0x08001568   Section        0  stm32l0xx_hal_rcc.o(i.HAL_RCC_GetPCLK1Freq)
    i.HAL_RCC_GetPCLK2Freq                   0x08001588   Section        0  stm32l0xx_hal_rcc.o(i.HAL_RCC_GetPCLK2Freq)
    i.HAL_RCC_GetSysClockFreq                0x080015a8   Section        0  stm32l0xx_hal_rcc.o(i.HAL_RCC_GetSysClockFreq)
    i.HAL_RCC_OscConfig                      0x08001620   Section        0  stm32l0xx_hal_rcc.o(i.HAL_RCC_OscConfig)
    i.HAL_SYSTICK_Callback                   0x08001a72   Section        0  stm32l0xx_hal_cortex.o(i.HAL_SYSTICK_Callback)
    i.HAL_SYSTICK_Config                     0x08001a74   Section        0  stm32l0xx_hal_cortex.o(i.HAL_SYSTICK_Config)
    i.HAL_SYSTICK_IRQHandler                 0x08001aa4   Section        0  stm32l0xx_hal_cortex.o(i.HAL_SYSTICK_IRQHandler)
    i.HAL_UARTEx_WakeupCallback              0x08001aac   Section        0  stm32l0xx_hal_uart_ex.o(i.HAL_UARTEx_WakeupCallback)
    i.HAL_UART_DMAStop                       0x08001aae   Section        0  stm32l0xx_hal_uart.o(i.HAL_UART_DMAStop)
    i.HAL_UART_ErrorCallback                 0x08001b06   Section        0  stm32l0xx_hal_uart.o(i.HAL_UART_ErrorCallback)
    i.HAL_UART_IRQHandler                    0x08001b08   Section        0  stm32l0xx_hal_uart.o(i.HAL_UART_IRQHandler)
    i.HAL_UART_Init                          0x08001c4c   Section        0  stm32l0xx_hal_uart.o(i.HAL_UART_Init)
    i.HAL_UART_MspInit                       0x08001cb8   Section        0  network_bsp.o(i.HAL_UART_MspInit)
    i.HAL_UART_Receive_DMA                   0x08001d64   Section        0  stm32l0xx_hal_uart.o(i.HAL_UART_Receive_DMA)
    i.HAL_UART_RxCpltCallback                0x08001e08   Section        0  stm32l0xx_hal_uart.o(i.HAL_UART_RxCpltCallback)
    i.HAL_UART_RxHalfCpltCallback            0x08001e0a   Section        0  stm32l0xx_hal_uart.o(i.HAL_UART_RxHalfCpltCallback)
    i.HAL_UART_Transmit_IT                   0x08001e0c   Section        0  stm32l0xx_hal_uart.o(i.HAL_UART_Transmit_IT)
    i.HAL_UART_TxCpltCallback                0x08001e64   Section        0  stm32l0xx_hal_uart.o(i.HAL_UART_TxCpltCallback)
    i.HardFault_Handler                      0x08001e66   Section        0  stm32l0xx_it.o(i.HardFault_Handler)
    i.LCD_WaitForSynchro                     0x08001e68   Section        0  stm32l0xx_hal_lcd.o(i.LCD_WaitForSynchro)
    i.NMI_Handler                            0x08001e98   Section        0  stm32l0xx_it.o(i.NMI_Handler)
    i.NVIC_SetPriority                       0x08001e9c   Section        0  stm32l0xx_hal_cortex.o(i.NVIC_SetPriority)
    NVIC_SetPriority                         0x08001e9d   Thumb Code    60  stm32l0xx_hal_cortex.o(i.NVIC_SetPriority)
    i.PendSV_Handler                         0x08001ee0   Section        0  stm32l0xx_it.o(i.PendSV_Handler)
    i.RCC_SetFlashLatencyFromMSIRange        0x08001ee4   Section        0  stm32l0xx_hal_rcc.o(i.RCC_SetFlashLatencyFromMSIRange)
    RCC_SetFlashLatencyFromMSIRange          0x08001ee5   Thumb Code    94  stm32l0xx_hal_rcc.o(i.RCC_SetFlashLatencyFromMSIRange)
    i.SVC_Handler                            0x08001f54   Section        0  stm32l0xx_it.o(i.SVC_Handler)
    i.SysTick_Handler                        0x08001f56   Section        0  stm32l0xx_it.o(i.SysTick_Handler)
    i.SystemClock_Config                     0x08001f68   Section        0  main.o(i.SystemClock_Config)
    i.SystemInit                             0x08001fd0   Section        0  system_stm32l0xx.o(i.SystemInit)
    i.UART_AdvFeatureConfig                  0x08002024   Section        0  stm32l0xx_hal_uart.o(i.UART_AdvFeatureConfig)
    i.UART_CheckIdleState                    0x080020f0   Section        0  stm32l0xx_hal_uart.o(i.UART_CheckIdleState)
    i.UART_DMAAbortOnError                   0x08002150   Section        0  stm32l0xx_hal_uart.o(i.UART_DMAAbortOnError)
    UART_DMAAbortOnError                     0x08002151   Thumb Code    20  stm32l0xx_hal_uart.o(i.UART_DMAAbortOnError)
    i.UART_DMAError                          0x08002164   Section        0  stm32l0xx_hal_uart.o(i.UART_DMAError)
    UART_DMAError                            0x08002165   Thumb Code    74  stm32l0xx_hal_uart.o(i.UART_DMAError)
    i.UART_DMAReceiveCplt                    0x080021ae   Section        0  stm32l0xx_hal_uart.o(i.UART_DMAReceiveCplt)
    UART_DMAReceiveCplt                      0x080021af   Thumb Code    64  stm32l0xx_hal_uart.o(i.UART_DMAReceiveCplt)
    i.UART_DMARxHalfCplt                     0x080021ee   Section        0  stm32l0xx_hal_uart.o(i.UART_DMARxHalfCplt)
    UART_DMARxHalfCplt                       0x080021ef   Thumb Code    10  stm32l0xx_hal_uart.o(i.UART_DMARxHalfCplt)
    i.UART_EndRxTransfer                     0x080021f8   Section        0  stm32l0xx_hal_uart.o(i.UART_EndRxTransfer)
    UART_EndRxTransfer                       0x080021f9   Thumb Code    30  stm32l0xx_hal_uart.o(i.UART_EndRxTransfer)
    i.UART_EndTxTransfer                     0x08002216   Section        0  stm32l0xx_hal_uart.o(i.UART_EndTxTransfer)
    UART_EndTxTransfer                       0x08002217   Thumb Code    18  stm32l0xx_hal_uart.o(i.UART_EndTxTransfer)
    i.UART_Receive_IT                        0x08002228   Section        0  stm32l0xx_hal_uart.o(i.UART_Receive_IT)
    UART_Receive_IT                          0x08002229   Thumb Code   126  stm32l0xx_hal_uart.o(i.UART_Receive_IT)
    i.UART_SetConfig                         0x080022a8   Section        0  stm32l0xx_hal_uart.o(i.UART_SetConfig)
    i.UART_Transmit_IT                       0x080024c4   Section        0  stm32l0xx_hal_uart.o(i.UART_Transmit_IT)
    UART_Transmit_IT                         0x080024c5   Thumb Code   102  stm32l0xx_hal_uart.o(i.UART_Transmit_IT)
    i.UART_WaitOnFlagUntilTimeout            0x0800252a   Section        0  stm32l0xx_hal_uart.o(i.UART_WaitOnFlagUntilTimeout)
    i.USART1_IRQHandler                      0x0800258c   Section        0  network_bsp.o(i.USART1_IRQHandler)
    i.__ARM_common_switch8                   0x080025f0   Section        0  stm32l0xx_hal_uart.o(i.__ARM_common_switch8)
    i.__scatterload_copy                     0x0800260a   Section       14  handlers.o(i.__scatterload_copy)
    i.__scatterload_null                     0x08002618   Section        2  handlers.o(i.__scatterload_null)
    i.__scatterload_zeroinit                 0x0800261a   Section       14  handlers.o(i.__scatterload_zeroinit)
    i.adc_init                               0x08002628   Section        0  senser_bsp.o(i.adc_init)
    i.connect_to_mqtt                        0x08002700   Section        0  network_task.o(i.connect_to_mqtt)
    i.connect_to_server                      0x08002704   Section        0  network_task.o(i.connect_to_server)
    i.core_init                              0x080027bc   Section        0  main.o(i.core_init)
    i.detection_signal                       0x080027c8   Section        0  network_task.o(i.detection_signal)
    i.gpio_init                              0x08002834   Section        0  io_manage_bsp.o(i.gpio_init)
    i.initialization                         0x0800288c   Section        0  senser_task.o(i.initialization)
    initialization                           0x0800288d   Thumb Code    10  senser_task.o(i.initialization)
    i.initialization                         0x08002896   Section        0  display_task.o(i.initialization)
    initialization                           0x08002897   Thumb Code    10  display_task.o(i.initialization)
    i.initialization                         0x080028a0   Section        0  io_manage_task.o(i.initialization)
    initialization                           0x080028a1   Thumb Code    10  io_manage_task.o(i.initialization)
    i.initialization                         0x080028aa   Section        0  network_task.o(i.initialization)
    initialization                           0x080028ab   Thumb Code    10  network_task.o(i.initialization)
    i.interrput                              0x080028b4   Section        0  senser_task.o(i.interrput)
    interrput                                0x080028b5   Thumb Code     4  senser_task.o(i.interrput)
    i.interrput                              0x080028b8   Section        0  display_task.o(i.interrput)
    interrput                                0x080028b9   Thumb Code     4  display_task.o(i.interrput)
    i.interrput                              0x080028bc   Section        0  io_manage_task.o(i.interrput)
    interrput                                0x080028bd   Thumb Code     4  io_manage_task.o(i.interrput)
    i.interrput                              0x080028c0   Section        0  network_task.o(i.interrput)
    interrput                                0x080028c1   Thumb Code    16  network_task.o(i.interrput)
    i.lcd_init                               0x080028d4   Section        0  display_bsp.o(i.lcd_init)
    i.main                                   0x08002928   Section        0  main.o(i.main)
    i.read                                   0x08002936   Section        0  senser_task.o(i.read)
    read                                     0x08002937   Thumb Code     4  senser_task.o(i.read)
    i.read                                   0x0800293a   Section        0  display_task.o(i.read)
    read                                     0x0800293b   Thumb Code     4  display_task.o(i.read)
    i.read                                   0x0800293e   Section        0  io_manage_task.o(i.read)
    read                                     0x0800293f   Thumb Code     4  io_manage_task.o(i.read)
    i.read                                   0x08002942   Section        0  network_task.o(i.read)
    read                                     0x08002943   Thumb Code     4  network_task.o(i.read)
    i.read_nb_data                           0x08002948   Section        0  network_bsp.o(i.read_nb_data)
    i.run                                    0x08002950   Section        0  senser_task.o(i.run)
    run                                      0x08002951   Thumb Code     4  senser_task.o(i.run)
    i.run                                    0x08002954   Section        0  display_task.o(i.run)
    run                                      0x08002955   Thumb Code     4  display_task.o(i.run)
    i.run                                    0x08002958   Section        0  io_manage_task.o(i.run)
    run                                      0x08002959   Thumb Code     4  io_manage_task.o(i.run)
    i.run                                    0x0800295c   Section        0  network_task.o(i.run)
    run                                      0x0800295d   Thumb Code    28  network_task.o(i.run)
    i.send_nb_data                           0x08002980   Section        0  network_bsp.o(i.send_nb_data)
    i.stop_sleep                             0x08002994   Section        0  network_task.o(i.stop_sleep)
    i.task_initialization                    0x08002a04   Section        0  task_scheduler.o(i.task_initialization)
    i.task_interrput                         0x08002a28   Section        0  task_scheduler.o(i.task_interrput)
    i.task_run                               0x08002a4c   Section        0  task_scheduler.o(i.task_run)
    i.test_at                                0x08002a70   Section        0  network_task.o(i.test_at)
    i.uart_init                              0x08002ad8   Section        0  network_bsp.o(i.uart_init)
    i.write                                  0x08002b28   Section        0  senser_task.o(i.write)
    write                                    0x08002b29   Thumb Code     4  senser_task.o(i.write)
    i.write                                  0x08002b2c   Section        0  display_task.o(i.write)
    write                                    0x08002b2d   Thumb Code     4  display_task.o(i.write)
    i.write                                  0x08002b30   Section        0  io_manage_task.o(i.write)
    write                                    0x08002b31   Thumb Code     4  io_manage_task.o(i.write)
    i.write                                  0x08002b34   Section        0  network_task.o(i.write)
    write                                    0x08002b35   Thumb Code     4  network_task.o(i.write)
    .constdata                               0x08002b38   Section       20  senser_task.o(.constdata)
    .constdata                               0x08002b4c   Section       20  display_task.o(.constdata)
    .constdata                               0x08002b60   Section       20  io_manage_task.o(.constdata)
    .constdata                               0x08002b74   Section       20  network_task.o(.constdata)
    .constdata                               0x08002b88   Section       20  network_task.o(.constdata)
    .constdata                               0x08002b9c   Section       25  system_stm32l0xx.o(.constdata)
    .constdata                               0x08002bb5   Section        8  system_stm32l0xx.o(.constdata)
    .data                                    0x20000000   Section       24  task_scheduler.o(.data)
    .data                                    0x20000018   Section        8  senser_bsp.o(.data)
    .data                                    0x20000020   Section       12  network_task.o(.data)
    retry_num                                0x20000022   Data           1  network_task.o(.data)
    .data                                    0x2000002c   Section        4  system_stm32l0xx.o(.data)
    .data                                    0x20000030   Section        4  stm32l0xx_hal.o(.data)
    .bss                                     0x20000034   Section      336  senser_bsp.o(.bss)
    DmaHandle                                0x20000034   Data          64  senser_bsp.o(.bss)
    .bss                                     0x20000184   Section       60  display_bsp.o(.bss)
    .bss                                     0x200001c0   Section      380  network_bsp.o(.bss)
    STACK                                    0x20000340   Section     1024  startup_stm32l053xx.o(STACK)

    Global Symbols

    Symbol Name                              Value     Ov Type        Size  Object(Section)

    BuildAttributes$$THM_ISAv3M$S$PE$A:L22$X:L11$S22$IEEE1$IW$USESV6$~STKCKD$USESV7$~SHL$OSPACE$EBA8$MICROLIB$REQ8$PRES8$EABIv2 0x00000000   Number         0  anon$$obj.o ABSOLUTE
    __ARM_use_no_argv                        0x00000000   Number         0  main.o ABSOLUTE
    __arm_fini_                               - Undefined Weak Reference
    __cpp_initialize__aeabi_                  - Undefined Weak Reference
    __cxa_finalize                            - Undefined Weak Reference
    __decompress                              - Undefined Weak Reference
    _clock_init                               - Undefined Weak Reference
    _microlib_exit                            - Undefined Weak Reference
    __Vectors_Size                           0x000000c0   Number         0  startup_stm32l053xx.o ABSOLUTE
    __Vectors                                0x08000000   Data           4  startup_stm32l053xx.o(RESET)
    __Vectors_End                            0x080000c0   Data           0  startup_stm32l053xx.o(RESET)
    __main                                   0x080000c1   Thumb Code     0  entry.o(.ARM.Collect$$$$00000000)
    _main_stk                                0x080000c1   Thumb Code     0  entry2.o(.ARM.Collect$$$$00000001)
    _main_scatterload                        0x080000c5   Thumb Code     0  entry5.o(.ARM.Collect$$$$00000004)
    __main_after_scatterload                 0x080000c9   Thumb Code     0  entry5.o(.ARM.Collect$$$$00000004)
    _main_clock                              0x080000c9   Thumb Code     0  entry7b.o(.ARM.Collect$$$$00000008)
    _main_cpp_init                           0x080000c9   Thumb Code     0  entry8b.o(.ARM.Collect$$$$0000000A)
    _main_init                               0x080000c9   Thumb Code     0  entry9a.o(.ARM.Collect$$$$0000000B)
    __rt_lib_shutdown_fini                   0x080000d1   Thumb Code     0  entry12b.o(.ARM.Collect$$$$0000000E)
    __rt_final_cpp                           0x080000d5   Thumb Code     0  entry10a.o(.ARM.Collect$$$$0000000F)
    __rt_final_exit                          0x080000d5   Thumb Code     0  entry11a.o(.ARM.Collect$$$$00000011)
    Reset_Handler                            0x080000d9   Thumb Code     8  startup_stm32l053xx.o(.text)
    ADC1_COMP_IRQHandler                     0x080000eb   Thumb Code     0  startup_stm32l053xx.o(.text)
    DMA1_Channel2_3_IRQHandler               0x080000eb   Thumb Code     0  startup_stm32l053xx.o(.text)
    DMA1_Channel4_5_6_7_IRQHandler           0x080000eb   Thumb Code     0  startup_stm32l053xx.o(.text)
    EXTI0_1_IRQHandler                       0x080000eb   Thumb Code     0  startup_stm32l053xx.o(.text)
    EXTI2_3_IRQHandler                       0x080000eb   Thumb Code     0  startup_stm32l053xx.o(.text)
    EXTI4_15_IRQHandler                      0x080000eb   Thumb Code     0  startup_stm32l053xx.o(.text)
    FLASH_IRQHandler                         0x080000eb   Thumb Code     0  startup_stm32l053xx.o(.text)
    I2C1_IRQHandler                          0x080000eb   Thumb Code     0  startup_stm32l053xx.o(.text)
    I2C2_IRQHandler                          0x080000eb   Thumb Code     0  startup_stm32l053xx.o(.text)
    LCD_IRQHandler                           0x080000eb   Thumb Code     0  startup_stm32l053xx.o(.text)
    LPTIM1_IRQHandler                        0x080000eb   Thumb Code     0  startup_stm32l053xx.o(.text)
    PVD_IRQHandler                           0x080000eb   Thumb Code     0  startup_stm32l053xx.o(.text)
    RCC_CRS_IRQHandler                       0x080000eb   Thumb Code     0  startup_stm32l053xx.o(.text)
    RNG_LPUART1_IRQHandler                   0x080000eb   Thumb Code     0  startup_stm32l053xx.o(.text)
    RTC_IRQHandler                           0x080000eb   Thumb Code     0  startup_stm32l053xx.o(.text)
    SPI1_IRQHandler                          0x080000eb   Thumb Code     0  startup_stm32l053xx.o(.text)
    SPI2_IRQHandler                          0x080000eb   Thumb Code     0  startup_stm32l053xx.o(.text)
    TIM21_IRQHandler                         0x080000eb   Thumb Code     0  startup_stm32l053xx.o(.text)
    TIM22_IRQHandler                         0x080000eb   Thumb Code     0  startup_stm32l053xx.o(.text)
    TIM2_IRQHandler                          0x080000eb   Thumb Code     0  startup_stm32l053xx.o(.text)
    TIM6_DAC_IRQHandler                      0x080000eb   Thumb Code     0  startup_stm32l053xx.o(.text)
    TSC_IRQHandler                           0x080000eb   Thumb Code     0  startup_stm32l053xx.o(.text)
    USART2_IRQHandler                        0x080000eb   Thumb Code     0  startup_stm32l053xx.o(.text)
    USB_IRQHandler                           0x080000eb   Thumb Code     0  startup_stm32l053xx.o(.text)
    WWDG_IRQHandler                          0x080000eb   Thumb Code     0  startup_stm32l053xx.o(.text)
    __aeabi_uidiv                            0x080000f5   Thumb Code     0  uidiv.o(.text)
    __aeabi_uidivmod                         0x080000f5   Thumb Code    44  uidiv.o(.text)
    __aeabi_uldivmod                         0x08000121   Thumb Code    96  uldiv.o(.text)
    __aeabi_memcpy                           0x08000181   Thumb Code    36  memcpya.o(.text)
    __aeabi_memcpy4                          0x08000181   Thumb Code     0  memcpya.o(.text)
    __aeabi_memcpy8                          0x08000181   Thumb Code     0  memcpya.o(.text)
    __aeabi_memset                           0x080001a5   Thumb Code    14  memseta.o(.text)
    __aeabi_memset4                          0x080001a5   Thumb Code     0  memseta.o(.text)
    __aeabi_memset8                          0x080001a5   Thumb Code     0  memseta.o(.text)
    __aeabi_memclr                           0x080001b3   Thumb Code     4  memseta.o(.text)
    __aeabi_memclr4                          0x080001b3   Thumb Code     0  memseta.o(.text)
    __aeabi_memclr8                          0x080001b3   Thumb Code     0  memseta.o(.text)
    _memset$wrapper                          0x080001b7   Thumb Code    18  memseta.o(.text)
    strstr                                   0x080001c9   Thumb Code    40  strstr.o(.text)
    __aeabi_llsl                             0x080001f1   Thumb Code    32  llshl.o(.text)
    _ll_shift_l                              0x080001f1   Thumb Code     0  llshl.o(.text)
    __aeabi_llsr                             0x08000211   Thumb Code    34  llushr.o(.text)
    _ll_ushift_r                             0x08000211   Thumb Code     0  llushr.o(.text)
    __scatterload                            0x08000235   Thumb Code    28  init.o(.text)
    __scatterload_rt2                        0x08000235   Thumb Code     0  init.o(.text)
    DMA1_Channel1_IRQHandler                 0x08000371   Thumb Code     2  senser_bsp.o(i.DMA1_Channel1_IRQHandler)
    Error_Handler                            0x08000391   Thumb Code     2  main.o(i.Error_Handler)
    HAL_ADCEx_Calibration_Start              0x08000393   Thumb Code   170  stm32l0xx_hal_adc_ex.o(i.HAL_ADCEx_Calibration_Start)
    HAL_ADC_ConfigChannel                    0x0800043d   Thumb Code   174  stm32l0xx_hal_adc.o(i.HAL_ADC_ConfigChannel)
    HAL_ADC_ConvCpltCallback                 0x080004f5   Thumb Code     2  stm32l0xx_hal_adc.o(i.HAL_ADC_ConvCpltCallback)
    HAL_ADC_ConvHalfCpltCallback             0x080004f7   Thumb Code     2  stm32l0xx_hal_adc.o(i.HAL_ADC_ConvHalfCpltCallback)
    HAL_ADC_ErrorCallback                    0x080004f9   Thumb Code     2  stm32l0xx_hal_adc.o(i.HAL_ADC_ErrorCallback)
    HAL_ADC_Init                             0x080004fd   Thumb Code   442  stm32l0xx_hal_adc.o(i.HAL_ADC_Init)
    HAL_ADC_MspInit                          0x080006c1   Thumb Code   142  senser_bsp.o(i.HAL_ADC_MspInit)
    HAL_ADC_Start_DMA                        0x08000761   Thumb Code   144  stm32l0xx_hal_adc.o(i.HAL_ADC_Start_DMA)
    HAL_DMA_Abort                            0x08000801   Thumb Code    76  stm32l0xx_hal_dma.o(i.HAL_DMA_Abort)
    HAL_DMA_Abort_IT                         0x0800084d   Thumb Code   148  stm32l0xx_hal_dma.o(i.HAL_DMA_Abort_IT)
    HAL_DMA_DeInit                           0x080008e5   Thumb Code   464  stm32l0xx_hal_dma.o(i.HAL_DMA_DeInit)
    HAL_DMA_Init                             0x08000ab9   Thumb Code   254  stm32l0xx_hal_dma.o(i.HAL_DMA_Init)
    HAL_DMA_Start_IT                         0x08000bc1   Thumb Code    78  stm32l0xx_hal_dma.o(i.HAL_DMA_Start_IT)
    HAL_GPIO_Init                            0x08000c11   Thumb Code   346  stm32l0xx_hal_gpio.o(i.HAL_GPIO_Init)
    HAL_GPIO_WritePin                        0x08000d89   Thumb Code    12  stm32l0xx_hal_gpio.o(i.HAL_GPIO_WritePin)
    HAL_GetTick                              0x08000d95   Thumb Code     6  stm32l0xx_hal.o(i.HAL_GetTick)
    HAL_IncTick                              0x08000da1   Thumb Code    10  stm32l0xx_hal.o(i.HAL_IncTick)
    HAL_Init                                 0x08000db1   Thumb Code    26  stm32l0xx_hal.o(i.HAL_Init)
    HAL_InitTick                             0x08000dd1   Thumb Code    34  stm32l0xx_hal.o(i.HAL_InitTick)
    HAL_LCD_Clear                            0x08000df9   Thumb Code   112  stm32l0xx_hal_lcd.o(i.HAL_LCD_Clear)
    HAL_LCD_Init                             0x08000e69   Thumb Code   246  stm32l0xx_hal_lcd.o(i.HAL_LCD_Init)
    HAL_LCD_MspInit                          0x08000f65   Thumb Code   216  display_bsp.o(i.HAL_LCD_MspInit)
    HAL_LCD_UpdateDisplayRequest             0x08001049   Thumb Code    76  stm32l0xx_hal_lcd.o(i.HAL_LCD_UpdateDisplayRequest)
    HAL_MspInit                              0x08001095   Thumb Code     2  stm32l0xx_hal.o(i.HAL_MspInit)
    HAL_NVIC_EnableIRQ                       0x08001099   Thumb Code    14  stm32l0xx_hal_cortex.o(i.HAL_NVIC_EnableIRQ)
    HAL_NVIC_SetPriority                     0x080010ad   Thumb Code     8  stm32l0xx_hal_cortex.o(i.HAL_NVIC_SetPriority)
    HAL_PWR_EnableBkUpAccess                 0x080010b5   Thumb Code    12  stm32l0xx_hal_pwr.o(i.HAL_PWR_EnableBkUpAccess)
    HAL_RCCEx_GetPeriphCLKFreq               0x080010c5   Thumb Code   380  stm32l0xx_hal_rcc_ex.o(i.HAL_RCCEx_GetPeriphCLKFreq)
    HAL_RCCEx_PeriphCLKConfig                0x08001269   Thumb Code   396  stm32l0xx_hal_rcc_ex.o(i.HAL_RCCEx_PeriphCLKConfig)
    HAL_RCC_ClockConfig                      0x08001401   Thumb Code   340  stm32l0xx_hal_rcc.o(i.HAL_RCC_ClockConfig)
    HAL_RCC_GetPCLK1Freq                     0x08001569   Thumb Code    20  stm32l0xx_hal_rcc.o(i.HAL_RCC_GetPCLK1Freq)
    HAL_RCC_GetPCLK2Freq                     0x08001589   Thumb Code    20  stm32l0xx_hal_rcc.o(i.HAL_RCC_GetPCLK2Freq)
    HAL_RCC_GetSysClockFreq                  0x080015a9   Thumb Code   100  stm32l0xx_hal_rcc.o(i.HAL_RCC_GetSysClockFreq)
    HAL_RCC_OscConfig                        0x08001621   Thumb Code  1106  stm32l0xx_hal_rcc.o(i.HAL_RCC_OscConfig)
    HAL_SYSTICK_Callback                     0x08001a73   Thumb Code     2  stm32l0xx_hal_cortex.o(i.HAL_SYSTICK_Callback)
    HAL_SYSTICK_Config                       0x08001a75   Thumb Code    38  stm32l0xx_hal_cortex.o(i.HAL_SYSTICK_Config)
    HAL_SYSTICK_IRQHandler                   0x08001aa5   Thumb Code     8  stm32l0xx_hal_cortex.o(i.HAL_SYSTICK_IRQHandler)
    HAL_UARTEx_WakeupCallback                0x08001aad   Thumb Code     2  stm32l0xx_hal_uart_ex.o(i.HAL_UARTEx_WakeupCallback)
    HAL_UART_DMAStop                         0x08001aaf   Thumb Code    88  stm32l0xx_hal_uart.o(i.HAL_UART_DMAStop)
    HAL_UART_ErrorCallback                   0x08001b07   Thumb Code     2  stm32l0xx_hal_uart.o(i.HAL_UART_ErrorCallback)
    HAL_UART_IRQHandler                      0x08001b09   Thumb Code   318  stm32l0xx_hal_uart.o(i.HAL_UART_IRQHandler)
    HAL_UART_Init                            0x08001c4d   Thumb Code   108  stm32l0xx_hal_uart.o(i.HAL_UART_Init)
    HAL_UART_MspInit                         0x08001cb9   Thumb Code   150  network_bsp.o(i.HAL_UART_MspInit)
    HAL_UART_Receive_DMA                     0x08001d65   Thumb Code   150  stm32l0xx_hal_uart.o(i.HAL_UART_Receive_DMA)
    HAL_UART_RxCpltCallback                  0x08001e09   Thumb Code     2  stm32l0xx_hal_uart.o(i.HAL_UART_RxCpltCallback)
    HAL_UART_RxHalfCpltCallback              0x08001e0b   Thumb Code     2  stm32l0xx_hal_uart.o(i.HAL_UART_RxHalfCpltCallback)
    HAL_UART_Transmit_IT                     0x08001e0d   Thumb Code    88  stm32l0xx_hal_uart.o(i.HAL_UART_Transmit_IT)
    HAL_UART_TxCpltCallback                  0x08001e65   Thumb Code     2  stm32l0xx_hal_uart.o(i.HAL_UART_TxCpltCallback)
    HardFault_Handler                        0x08001e67   Thumb Code     2  stm32l0xx_it.o(i.HardFault_Handler)
    LCD_WaitForSynchro                       0x08001e69   Thumb Code    48  stm32l0xx_hal_lcd.o(i.LCD_WaitForSynchro)
    NMI_Handler                              0x08001e99   Thumb Code     2  stm32l0xx_it.o(i.NMI_Handler)
    PendSV_Handler                           0x08001ee1   Thumb Code     2  stm32l0xx_it.o(i.PendSV_Handler)
    SVC_Handler                              0x08001f55   Thumb Code     2  stm32l0xx_it.o(i.SVC_Handler)
    SysTick_Handler                          0x08001f57   Thumb Code    16  stm32l0xx_it.o(i.SysTick_Handler)
    SystemClock_Config                       0x08001f69   Thumb Code    98  main.o(i.SystemClock_Config)
    SystemInit                               0x08001fd1   Thumb Code    66  system_stm32l0xx.o(i.SystemInit)
    UART_AdvFeatureConfig                    0x08002025   Thumb Code   202  stm32l0xx_hal_uart.o(i.UART_AdvFeatureConfig)
    UART_CheckIdleState                      0x080020f1   Thumb Code    90  stm32l0xx_hal_uart.o(i.UART_CheckIdleState)
    UART_SetConfig                           0x080022a9   Thumb Code   498  stm32l0xx_hal_uart.o(i.UART_SetConfig)
    UART_WaitOnFlagUntilTimeout              0x0800252b   Thumb Code    98  stm32l0xx_hal_uart.o(i.UART_WaitOnFlagUntilTimeout)
    USART1_IRQHandler                        0x0800258d   Thumb Code    96  network_bsp.o(i.USART1_IRQHandler)
    __ARM_common_switch8                     0x080025f1   Thumb Code    26  stm32l0xx_hal_uart.o(i.__ARM_common_switch8)
    __scatterload_copy                       0x0800260b   Thumb Code    14  handlers.o(i.__scatterload_copy)
    __scatterload_null                       0x08002619   Thumb Code     2  handlers.o(i.__scatterload_null)
    __scatterload_zeroinit                   0x0800261b   Thumb Code    14  handlers.o(i.__scatterload_zeroinit)
    adc_init                                 0x08002629   Thumb Code   186  senser_bsp.o(i.adc_init)
    connect_to_mqtt                          0x08002701   Thumb Code     2  network_task.o(i.connect_to_mqtt)
    connect_to_server                        0x08002705   Thumb Code   112  network_task.o(i.connect_to_server)
    core_init                                0x080027bd   Thumb Code    12  main.o(i.core_init)
    detection_signal                         0x080027c9   Thumb Code    88  network_task.o(i.detection_signal)
    gpio_init                                0x08002835   Thumb Code    80  io_manage_bsp.o(i.gpio_init)
    lcd_init                                 0x080028d5   Thumb Code    74  display_bsp.o(i.lcd_init)
    main                                     0x08002929   Thumb Code    14  main.o(i.main)
    read_nb_data                             0x08002949   Thumb Code     4  network_bsp.o(i.read_nb_data)
    send_nb_data                             0x08002981   Thumb Code    14  network_bsp.o(i.send_nb_data)
    stop_sleep                               0x08002995   Thumb Code    88  network_task.o(i.stop_sleep)
    task_initialization                      0x08002a05   Thumb Code    30  task_scheduler.o(i.task_initialization)
    task_interrput                           0x08002a29   Thumb Code    30  task_scheduler.o(i.task_interrput)
    task_run                                 0x08002a4d   Thumb Code    30  task_scheduler.o(i.task_run)
    test_at                                  0x08002a71   Thumb Code    86  network_task.o(i.test_at)
    uart_init                                0x08002ad9   Thumb Code    70  network_bsp.o(i.uart_init)
    senser_operation                         0x08002b38   Data          20  senser_task.o(.constdata)
    display_operation                        0x08002b4c   Data          20  display_task.o(.constdata)
    io_manage_operation                      0x08002b60   Data          20  io_manage_task.o(.constdata)
    network_operation                        0x08002b74   Data          20  network_task.o(.constdata)
    nb_handle                                0x08002b88   Data          20  network_task.o(.constdata)
    AHBPrescTable                            0x08002b9c   Data          16  system_stm32l0xx.o(.constdata)
    PLLMulTable                              0x08002bac   Data           9  system_stm32l0xx.o(.constdata)
    APBPrescTable                            0x08002bb5   Data           8  system_stm32l0xx.o(.constdata)
    Region$$Table$$Base                      0x08002bc0   Number         0  anon$$obj.o(Region$$Table)
    Region$$Table$$Limit                     0x08002be0   Number         0  anon$$obj.o(Region$$Table)
    null_buff                                0x20000000   Data           5  task_scheduler.o(.data)
    user_business                            0x20000008   Data          16  task_scheduler.o(.data)
    sConfig                                  0x20000018   Data           8  senser_bsp.o(.data)
    nb_main_state                            0x20000020   Data           1  network_task.o(.data)
    nb_sub_state                             0x20000021   Data           1  network_task.o(.data)
    delay                                    0x20000024   Data           2  network_task.o(.data)
    nb_data                                  0x20000028   Data           4  network_task.o(.data)
    SystemCoreClock                          0x2000002c   Data           4  system_stm32l0xx.o(.data)
    uwTick                                   0x20000030   Data           4  stm32l0xx_hal.o(.data)
    AdcHandle                                0x20000074   Data          96  senser_bsp.o(.bss)
    aResultDMA                               0x200000d4   Data          80  senser_bsp.o(.bss)
    adc1                                     0x20000124   Data          96  senser_bsp.o(.bss)
    LCDHandle                                0x20000184   Data          60  display_bsp.o(.bss)
    nb_read                                  0x200001c0   Data         101  network_bsp.o(.bss)
    huart1                                   0x20000228   Data         112  network_bsp.o(.bss)
    hdma_usart1_rx                           0x20000298   Data          64  network_bsp.o(.bss)
    rx_buff                                  0x200002d8   Data         100  network_bsp.o(.bss)
    __initial_sp                             0x20000740   Data           0  startup_stm32l053xx.o(STACK)



==============================================================================

Memory Map of the image

  Image Entry point : 0x080000c1

  Load Region LR_IROM1 (Base: 0x08000000, Size: 0x00002c14, Max: 0x00010000, ABSOLUTE)

    Execution Region ER_IROM1 (Exec base: 0x08000000, Load base: 0x08000000, Size: 0x00002be0, Max: 0x00010000, ABSOLUTE)

    Exec Addr    Load Addr    Size         Type   Attr      Idx    E Section Name        Object

    0x08000000   0x08000000   0x000000c0   Data   RO          815    RESET               startup_stm32l053xx.o
    0x080000c0   0x080000c0   0x00000000   Code   RO         2981  * .ARM.Collect$$$$00000000  mc_p.l(entry.o)
    0x080000c0   0x080000c0   0x00000004   Code   RO         2996    .ARM.Collect$$$$00000001  mc_p.l(entry2.o)
    0x080000c4   0x080000c4   0x00000004   Code   RO         2999    .ARM.Collect$$$$00000004  mc_p.l(entry5.o)
    0x080000c8   0x080000c8   0x00000000   Code   RO         3001    .ARM.Collect$$$$00000008  mc_p.l(entry7b.o)
    0x080000c8   0x080000c8   0x00000000   Code   RO         3003    .ARM.Collect$$$$0000000A  mc_p.l(entry8b.o)
    0x080000c8   0x080000c8   0x00000008   Code   RO         3004    .ARM.Collect$$$$0000000B  mc_p.l(entry9a.o)
    0x080000d0   0x080000d0   0x00000004   Code   RO         3011    .ARM.Collect$$$$0000000E  mc_p.l(entry12b.o)
    0x080000d4   0x080000d4   0x00000000   Code   RO         3006    .ARM.Collect$$$$0000000F  mc_p.l(entry10a.o)
    0x080000d4   0x080000d4   0x00000000   Code   RO         3008    .ARM.Collect$$$$00000011  mc_p.l(entry11a.o)
    0x080000d4   0x080000d4   0x00000004   Code   RO         2997    .ARM.Collect$$$$00002712  mc_p.l(entry2.o)
    0x080000d8   0x080000d8   0x0000001c   Code   RO          816    .text               startup_stm32l053xx.o
    0x080000f4   0x080000f4   0x0000002c   Code   RO         2984    .text               mc_p.l(uidiv.o)
    0x08000120   0x08000120   0x00000060   Code   RO         2986    .text               mc_p.l(uldiv.o)
    0x08000180   0x08000180   0x00000024   Code   RO         2988    .text               mc_p.l(memcpya.o)
    0x080001a4   0x080001a4   0x00000024   Code   RO         2990    .text               mc_p.l(memseta.o)
    0x080001c8   0x080001c8   0x00000028   Code   RO         2992    .text               mc_p.l(strstr.o)
    0x080001f0   0x080001f0   0x00000020   Code   RO         3012    .text               mc_p.l(llshl.o)
    0x08000210   0x08000210   0x00000022   Code   RO         3014    .text               mc_p.l(llushr.o)
    0x08000232   0x08000232   0x00000002   PAD
    0x08000234   0x08000234   0x00000024   Code   RO         3016    .text               mc_p.l(init.o)
    0x08000258   0x08000258   0x0000006c   Code   RO         1303    i.ADC_DMAConvCplt   stm32l0xx_hal_adc.o
    0x080002c4   0x080002c4   0x0000001a   Code   RO         1304    i.ADC_DMAError      stm32l0xx_hal_adc.o
    0x080002de   0x080002de   0x0000000a   Code   RO         1305    i.ADC_DMAHalfConvCplt  stm32l0xx_hal_adc.o
    0x080002e8   0x080002e8   0x00000024   Code   RO         1306    i.ADC_DelayMicroSecond  stm32l0xx_hal_adc.o
    0x0800030c   0x0800030c   0x00000064   Code   RO         1308    i.ADC_Enable        stm32l0xx_hal_adc.o
    0x08000370   0x08000370   0x00000002   Code   RO          404    i.DMA1_Channel1_IRQHandler  senser_bsp.o
    0x08000372   0x08000372   0x0000001e   Code   RO         1487    i.DMA_SetConfig     stm32l0xx_hal_dma.o
    0x08000390   0x08000390   0x00000002   Code   RO            3    i.Error_Handler     main.o
    0x08000392   0x08000392   0x000000aa   Code   RO         1572    i.HAL_ADCEx_Calibration_Start  stm32l0xx_hal_adc_ex.o
    0x0800043c   0x0800043c   0x000000b8   Code   RO         1310    i.HAL_ADC_ConfigChannel  stm32l0xx_hal_adc.o
    0x080004f4   0x080004f4   0x00000002   Code   RO         1311    i.HAL_ADC_ConvCpltCallback  stm32l0xx_hal_adc.o
    0x080004f6   0x080004f6   0x00000002   Code   RO         1312    i.HAL_ADC_ConvHalfCpltCallback  stm32l0xx_hal_adc.o
    0x080004f8   0x080004f8   0x00000002   Code   RO         1314    i.HAL_ADC_ErrorCallback  stm32l0xx_hal_adc.o
    0x080004fa   0x080004fa   0x00000002   PAD
    0x080004fc   0x080004fc   0x000001c4   Code   RO         1319    i.HAL_ADC_Init      stm32l0xx_hal_adc.o
    0x080006c0   0x080006c0   0x000000a0   Code   RO          405    i.HAL_ADC_MspInit   senser_bsp.o
    0x08000760   0x08000760   0x000000a0   Code   RO         1326    i.HAL_ADC_Start_DMA  stm32l0xx_hal_adc.o
    0x08000800   0x08000800   0x0000004c   Code   RO         1488    i.HAL_DMA_Abort     stm32l0xx_hal_dma.o
    0x0800084c   0x0800084c   0x00000098   Code   RO         1489    i.HAL_DMA_Abort_IT  stm32l0xx_hal_dma.o
    0x080008e4   0x080008e4   0x000001d4   Code   RO         1490    i.HAL_DMA_DeInit    stm32l0xx_hal_dma.o
    0x08000ab8   0x08000ab8   0x00000108   Code   RO         1494    i.HAL_DMA_Init      stm32l0xx_hal_dma.o
    0x08000bc0   0x08000bc0   0x0000004e   Code   RO         1497    i.HAL_DMA_Start_IT  stm32l0xx_hal_dma.o
    0x08000c0e   0x08000c0e   0x00000002   PAD
    0x08000c10   0x08000c10   0x00000178   Code   RO         1138    i.HAL_GPIO_Init     stm32l0xx_hal_gpio.o
    0x08000d88   0x08000d88   0x0000000c   Code   RO         1142    i.HAL_GPIO_WritePin  stm32l0xx_hal_gpio.o
    0x08000d94   0x08000d94   0x0000000c   Code   RO          873    i.HAL_GetTick       stm32l0xx_hal.o
    0x08000da0   0x08000da0   0x00000010   Code   RO          874    i.HAL_IncTick       stm32l0xx_hal.o
    0x08000db0   0x08000db0   0x00000020   Code   RO          875    i.HAL_Init          stm32l0xx_hal.o
    0x08000dd0   0x08000dd0   0x00000028   Code   RO          876    i.HAL_InitTick      stm32l0xx_hal.o
    0x08000df8   0x08000df8   0x00000070   Code   RO         1630    i.HAL_LCD_Clear     stm32l0xx_hal_lcd.o
    0x08000e68   0x08000e68   0x000000fc   Code   RO         1634    i.HAL_LCD_Init      stm32l0xx_hal_lcd.o
    0x08000f64   0x08000f64   0x000000e4   Code   RO          575    i.HAL_LCD_MspInit   display_bsp.o
    0x08001048   0x08001048   0x0000004c   Code   RO         1637    i.HAL_LCD_UpdateDisplayRequest  stm32l0xx_hal_lcd.o
    0x08001094   0x08001094   0x00000002   Code   RO          878    i.HAL_MspInit       stm32l0xx_hal.o
    0x08001096   0x08001096   0x00000002   PAD
    0x08001098   0x08001098   0x00000014   Code   RO         1034    i.HAL_NVIC_EnableIRQ  stm32l0xx_hal_cortex.o
    0x080010ac   0x080010ac   0x00000008   Code   RO         1038    i.HAL_NVIC_SetPriority  stm32l0xx_hal_cortex.o
    0x080010b4   0x080010b4   0x00000010   Code   RO         1715    i.HAL_PWR_EnableBkUpAccess  stm32l0xx_hal_pwr.o
    0x080010c4   0x080010c4   0x000001a4   Code   RO         2059    i.HAL_RCCEx_GetPeriphCLKFreq  stm32l0xx_hal_rcc_ex.o
    0x08001268   0x08001268   0x00000198   Code   RO         2062    i.HAL_RCCEx_PeriphCLKConfig  stm32l0xx_hal_rcc_ex.o
    0x08001400   0x08001400   0x00000168   Code   RO         1202    i.HAL_RCC_ClockConfig  stm32l0xx_hal_rcc.o
    0x08001568   0x08001568   0x00000020   Code   RO         1208    i.HAL_RCC_GetPCLK1Freq  stm32l0xx_hal_rcc.o
    0x08001588   0x08001588   0x00000020   Code   RO         1209    i.HAL_RCC_GetPCLK2Freq  stm32l0xx_hal_rcc.o
    0x080015a8   0x080015a8   0x00000078   Code   RO         1210    i.HAL_RCC_GetSysClockFreq  stm32l0xx_hal_rcc.o
    0x08001620   0x08001620   0x00000452   Code   RO         1213    i.HAL_RCC_OscConfig  stm32l0xx_hal_rcc.o
    0x08001a72   0x08001a72   0x00000002   Code   RO         1041    i.HAL_SYSTICK_Callback  stm32l0xx_hal_cortex.o
    0x08001a74   0x08001a74   0x00000030   Code   RO         1042    i.HAL_SYSTICK_Config  stm32l0xx_hal_cortex.o
    0x08001aa4   0x08001aa4   0x00000008   Code   RO         1043    i.HAL_SYSTICK_IRQHandler  stm32l0xx_hal_cortex.o
    0x08001aac   0x08001aac   0x00000002   Code   RO         2320    i.HAL_UARTEx_WakeupCallback  stm32l0xx_hal_uart_ex.o
    0x08001aae   0x08001aae   0x00000058   Code   RO         2399    i.HAL_UART_DMAStop  stm32l0xx_hal_uart.o
    0x08001b06   0x08001b06   0x00000002   Code   RO         2401    i.HAL_UART_ErrorCallback  stm32l0xx_hal_uart.o
    0x08001b08   0x08001b08   0x00000144   Code   RO         2404    i.HAL_UART_IRQHandler  stm32l0xx_hal_uart.o
    0x08001c4c   0x08001c4c   0x0000006c   Code   RO         2405    i.HAL_UART_Init     stm32l0xx_hal_uart.o
    0x08001cb8   0x08001cb8   0x000000ac   Code   RO          751    i.HAL_UART_MspInit  network_bsp.o
    0x08001d64   0x08001d64   0x000000a4   Code   RO         2409    i.HAL_UART_Receive_DMA  stm32l0xx_hal_uart.o
    0x08001e08   0x08001e08   0x00000002   Code   RO         2411    i.HAL_UART_RxCpltCallback  stm32l0xx_hal_uart.o
    0x08001e0a   0x08001e0a   0x00000002   Code   RO         2412    i.HAL_UART_RxHalfCpltCallback  stm32l0xx_hal_uart.o
    0x08001e0c   0x08001e0c   0x00000058   Code   RO         2415    i.HAL_UART_Transmit_IT  stm32l0xx_hal_uart.o
    0x08001e64   0x08001e64   0x00000002   Code   RO         2416    i.HAL_UART_TxCpltCallback  stm32l0xx_hal_uart.o
    0x08001e66   0x08001e66   0x00000002   Code   RO          162    i.HardFault_Handler  stm32l0xx_it.o
    0x08001e68   0x08001e68   0x00000030   Code   RO         1639    i.LCD_WaitForSynchro  stm32l0xx_hal_lcd.o
    0x08001e98   0x08001e98   0x00000002   Code   RO          163    i.NMI_Handler       stm32l0xx_it.o
    0x08001e9a   0x08001e9a   0x00000002   PAD
    0x08001e9c   0x08001e9c   0x00000044   Code   RO         1044    i.NVIC_SetPriority  stm32l0xx_hal_cortex.o
    0x08001ee0   0x08001ee0   0x00000002   Code   RO          164    i.PendSV_Handler    stm32l0xx_it.o
    0x08001ee2   0x08001ee2   0x00000002   PAD
    0x08001ee4   0x08001ee4   0x00000070   Code   RO         1214    i.RCC_SetFlashLatencyFromMSIRange  stm32l0xx_hal_rcc.o
    0x08001f54   0x08001f54   0x00000002   Code   RO          165    i.SVC_Handler       stm32l0xx_it.o
    0x08001f56   0x08001f56   0x00000010   Code   RO          166    i.SysTick_Handler   stm32l0xx_it.o
    0x08001f66   0x08001f66   0x00000002   PAD
    0x08001f68   0x08001f68   0x00000068   Code   RO            4    i.SystemClock_Config  main.o
    0x08001fd0   0x08001fd0   0x00000054   Code   RO          823    i.SystemInit        system_stm32l0xx.o
    0x08002024   0x08002024   0x000000ca   Code   RO         2418    i.UART_AdvFeatureConfig  stm32l0xx_hal_uart.o
    0x080020ee   0x080020ee   0x00000002   PAD
    0x080020f0   0x080020f0   0x00000060   Code   RO         2419    i.UART_CheckIdleState  stm32l0xx_hal_uart.o
    0x08002150   0x08002150   0x00000014   Code   RO         2420    i.UART_DMAAbortOnError  stm32l0xx_hal_uart.o
    0x08002164   0x08002164   0x0000004a   Code   RO         2421    i.UART_DMAError     stm32l0xx_hal_uart.o
    0x080021ae   0x080021ae   0x00000040   Code   RO         2422    i.UART_DMAReceiveCplt  stm32l0xx_hal_uart.o
    0x080021ee   0x080021ee   0x0000000a   Code   RO         2424    i.UART_DMARxHalfCplt  stm32l0xx_hal_uart.o
    0x080021f8   0x080021f8   0x0000001e   Code   RO         2430    i.UART_EndRxTransfer  stm32l0xx_hal_uart.o
    0x08002216   0x08002216   0x00000012   Code   RO         2431    i.UART_EndTxTransfer  stm32l0xx_hal_uart.o
    0x08002228   0x08002228   0x0000007e   Code   RO         2432    i.UART_Receive_IT   stm32l0xx_hal_uart.o
    0x080022a6   0x080022a6   0x00000002   PAD
    0x080022a8   0x080022a8   0x0000021c   Code   RO         2433    i.UART_SetConfig    stm32l0xx_hal_uart.o
    0x080024c4   0x080024c4   0x00000066   Code   RO         2434    i.UART_Transmit_IT  stm32l0xx_hal_uart.o
    0x0800252a   0x0800252a   0x00000062   Code   RO         2435    i.UART_WaitOnFlagUntilTimeout  stm32l0xx_hal_uart.o
    0x0800258c   0x0800258c   0x00000064   Code   RO          752    i.USART1_IRQHandler  network_bsp.o
    0x080025f0   0x080025f0   0x0000001a   Code   RO         2716    i.__ARM_common_switch8  stm32l0xx_hal_uart.o
    0x0800260a   0x0800260a   0x0000000e   Code   RO         3020    i.__scatterload_copy  mc_p.l(handlers.o)
    0x08002618   0x08002618   0x00000002   Code   RO         3021    i.__scatterload_null  mc_p.l(handlers.o)
    0x0800261a   0x0800261a   0x0000000e   Code   RO         3022    i.__scatterload_zeroinit  mc_p.l(handlers.o)
    0x08002628   0x08002628   0x000000d8   Code   RO          406    i.adc_init          senser_bsp.o
    0x08002700   0x08002700   0x00000002   Code   RO          673    i.connect_to_mqtt   network_task.o
    0x08002702   0x08002702   0x00000002   PAD
    0x08002704   0x08002704   0x000000b8   Code   RO          674    i.connect_to_server  network_task.o
    0x080027bc   0x080027bc   0x0000000c   Code   RO            5    i.core_init         main.o
    0x080027c8   0x080027c8   0x0000006c   Code   RO          675    i.detection_signal  network_task.o
    0x08002834   0x08002834   0x00000058   Code   RO          651    i.gpio_init         io_manage_bsp.o
    0x0800288c   0x0800288c   0x0000000a   Code   RO          353    i.initialization    senser_task.o
    0x08002896   0x08002896   0x0000000a   Code   RO          445    i.initialization    display_task.o
    0x080028a0   0x080028a0   0x0000000a   Code   RO          609    i.initialization    io_manage_task.o
    0x080028aa   0x080028aa   0x0000000a   Code   RO          676    i.initialization    network_task.o
    0x080028b4   0x080028b4   0x00000004   Code   RO          354    i.interrput         senser_task.o
    0x080028b8   0x080028b8   0x00000004   Code   RO          446    i.interrput         display_task.o
    0x080028bc   0x080028bc   0x00000004   Code   RO          610    i.interrput         io_manage_task.o
    0x080028c0   0x080028c0   0x00000014   Code   RO          677    i.interrput         network_task.o
    0x080028d4   0x080028d4   0x00000054   Code   RO          576    i.lcd_init          display_bsp.o
    0x08002928   0x08002928   0x0000000e   Code   RO            6    i.main              main.o
    0x08002936   0x08002936   0x00000004   Code   RO          355    i.read              senser_task.o
    0x0800293a   0x0800293a   0x00000004   Code   RO          447    i.read              display_task.o
    0x0800293e   0x0800293e   0x00000004   Code   RO          611    i.read              io_manage_task.o
    0x08002942   0x08002942   0x00000004   Code   RO          678    i.read              network_task.o
    0x08002946   0x08002946   0x00000002   PAD
    0x08002948   0x08002948   0x00000008   Code   RO          753    i.read_nb_data      network_bsp.o
    0x08002950   0x08002950   0x00000004   Code   RO          356    i.run               senser_task.o
    0x08002954   0x08002954   0x00000004   Code   RO          448    i.run               display_task.o
    0x08002958   0x08002958   0x00000004   Code   RO          612    i.run               io_manage_task.o
    0x0800295c   0x0800295c   0x00000024   Code   RO          679    i.run               network_task.o
    0x08002980   0x08002980   0x00000014   Code   RO          754    i.send_nb_data      network_bsp.o
    0x08002994   0x08002994   0x00000070   Code   RO          680    i.stop_sleep        network_task.o
    0x08002a04   0x08002a04   0x00000024   Code   RO          320    i.task_initialization  task_scheduler.o
    0x08002a28   0x08002a28   0x00000024   Code   RO          321    i.task_interrput    task_scheduler.o
    0x08002a4c   0x08002a4c   0x00000024   Code   RO          322    i.task_run          task_scheduler.o
    0x08002a70   0x08002a70   0x00000068   Code   RO          681    i.test_at           network_task.o
    0x08002ad8   0x08002ad8   0x00000050   Code   RO          755    i.uart_init         network_bsp.o
    0x08002b28   0x08002b28   0x00000004   Code   RO          358    i.write             senser_task.o
    0x08002b2c   0x08002b2c   0x00000004   Code   RO          449    i.write             display_task.o
    0x08002b30   0x08002b30   0x00000004   Code   RO          613    i.write             io_manage_task.o
    0x08002b34   0x08002b34   0x00000004   Code   RO          682    i.write             network_task.o
    0x08002b38   0x08002b38   0x00000014   Data   RO          359    .constdata          senser_task.o
    0x08002b4c   0x08002b4c   0x00000014   Data   RO          450    .constdata          display_task.o
    0x08002b60   0x08002b60   0x00000014   Data   RO          614    .constdata          io_manage_task.o
    0x08002b74   0x08002b74   0x00000014   Data   RO          683    .constdata          network_task.o
    0x08002b88   0x08002b88   0x00000014   Data   RO          684    .constdata          network_task.o
    0x08002b9c   0x08002b9c   0x00000019   Data   RO          824    .constdata          system_stm32l0xx.o
    0x08002bb5   0x08002bb5   0x00000008   Data   RO          825    .constdata          system_stm32l0xx.o
    0x08002bbd   0x08002bbd   0x00000003   PAD
    0x08002bc0   0x08002bc0   0x00000020   Data   RO         3018    Region$$Table       anon$$obj.o


    Execution Region RW_IRAM1 (Exec base: 0x20000000, Load base: 0x08002be0, Size: 0x00000740, Max: 0x00002000, ABSOLUTE)

    Exec Addr    Load Addr    Size         Type   Attr      Idx    E Section Name        Object

    0x20000000   0x08002be0   0x00000018   Data   RW          323    .data               task_scheduler.o
    0x20000018   0x08002bf8   0x00000008   Data   RW          408    .data               senser_bsp.o
    0x20000020   0x08002c00   0x0000000c   Data   RW          685    .data               network_task.o
    0x2000002c   0x08002c0c   0x00000004   Data   RW          826    .data               system_stm32l0xx.o
    0x20000030   0x08002c10   0x00000004   Data   RW          885    .data               stm32l0xx_hal.o
    0x20000034        -       0x00000150   Zero   RW          407    .bss                senser_bsp.o
    0x20000184        -       0x0000003c   Zero   RW          577    .bss                display_bsp.o
    0x200001c0        -       0x0000017c   Zero   RW          756    .bss                network_bsp.o
    0x2000033c   0x08002c14   0x00000004   PAD
    0x20000340        -       0x00000400   Zero   RW          813    STACK               startup_stm32l053xx.o


==============================================================================

Image component sizes


      Code (inc. data)   RO Data    RW Data    ZI Data      Debug   Object Name

       312         22          0          0         60       2133   display_bsp.o
        26          0         20          0          0     258725   display_task.o
        88          8          0          0          0       1120   io_manage_bsp.o
        26          0         20          0          0       2998   io_manage_task.o
       132          6          0          0          0     306174   main.o
       380         46          0          0        380       4358   network_bsp.o
       584        146         40         12          0       6767   network_task.o
       378         48          0          8        336       2836   senser_bsp.o
        26          0         20          0          0       3539   senser_task.o
        28          8        192          0       1024        616   startup_stm32l053xx.o
       102         24          0          4          0       3585   stm32l0xx_hal.o
      1082         48          0          0          0       7777   stm32l0xx_hal_adc.o
       170          0          0          0          0       1526   stm32l0xx_hal_adc_ex.o
       154         24          0          0          0      11505   stm32l0xx_hal_cortex.o
      1068         18          0          0          0       5174   stm32l0xx_hal_dma.o
       388         30          0          0          0       2436   stm32l0xx_hal_gpio.o
       488          6          0          0          0       3615   stm32l0xx_hal_lcd.o
        16          4          0          0          0        495   stm32l0xx_hal_pwr.o
      1762        120          0          0          0       6504   stm32l0xx_hal_rcc.o
       828         52          0          0          0       3341   stm32l0xx_hal_rcc_ex.o
      2186         92          0          0          0      15251   stm32l0xx_hal_uart.o
         2          0          0          0          0       1068   stm32l0xx_hal_uart_ex.o
        24          0          0          0          0     365619   stm32l0xx_it.o
        84         18         33          4          0       1299   system_stm32l0xx.o
       108         18          0         24          0       3239   task_scheduler.o

    ----------------------------------------------------------------------
     10462        738        360         52       1804    1021700   Object Totals
         0          0         32          0          0          0   (incl. Generated)
        20          0          3          0          4          0   (incl. Padding)

    ----------------------------------------------------------------------

      Code (inc. data)   RO Data    RW Data    ZI Data      Debug   Library Member Name

         0          0          0          0          0          0   entry.o
         0          0          0          0          0          0   entry10a.o
         0          0          0          0          0          0   entry11a.o
         4          0          0          0          0          0   entry12b.o
         8          4          0          0          0          0   entry2.o
         4          0          0          0          0          0   entry5.o
         0          0          0          0          0          0   entry7b.o
         0          0          0          0          0          0   entry8b.o
         8          4          0          0          0          0   entry9a.o
        30          0          0          0          0          0   handlers.o
        36          8          0          0          0         68   init.o
        32          0          0          0          0         68   llshl.o
        34          0          0          0          0         68   llushr.o
        36          0          0          0          0         60   memcpya.o
        36          0          0          0          0        100   memseta.o
        40          0          0          0          0         72   strstr.o
        44          0          0          0          0         72   uidiv.o
        96          0          0          0          0         84   uldiv.o

    ----------------------------------------------------------------------
       410         16          0          0          0        592   Library Totals
         2          0          0          0          0          0   (incl. Padding)

    ----------------------------------------------------------------------

      Code (inc. data)   RO Data    RW Data    ZI Data      Debug   Library Name

       408         16          0          0          0        592   mc_p.l

    ----------------------------------------------------------------------
       410         16          0          0          0        592   Library Totals

    ----------------------------------------------------------------------

==============================================================================


      Code (inc. data)   RO Data    RW Data    ZI Data      Debug   

     10872        754        360         52       1804    1017296   Grand Totals
     10872        754        360         52       1804    1017296   ELF Image Totals
     10872        754        360         52          0          0   ROM Totals

==============================================================================

    Total RO  Size (Code + RO Data)                11232 (  10.97kB)
    Total RW  Size (RW Data + ZI Data)              1856 (   1.81kB)
    Total ROM Size (Code + RO Data + RW Data)      11284 (  11.02kB)

==============================================================================

